<html>
<body>
<pre>
<h1>µVision Build Log</h1>
<h2>Project:</h2>
E:\hb\projects\luke\app\jz2440_rt\build\mdk4\jz2440_rt.uvproj
Project File Date:  05/02/2015

<h2>Output:</h2>
Rebuild target 'jz2440_rt'
assembling start.S...
compiling startup.c...
linking...
.\Output\jz2440_rt.axf: Warning: L6305W: Image does not have an entry point. (Not specified or not set due to multiple choices.)
..\..\rom.sct(12): warning: L6329W: Pattern *(RW) only matches removed unused sections.
Program Size: Code=536 RO-data=16 RW-data=0 ZI-data=1136  
Finished: 0 information, 2 warning and 0 error messages.
".\Output\jz2440_rt.axf" - 0 Error(s), 2 Warning(s).
