<html>
<body>
<pre>
<h1>µVision Build Log</h1>
<h2>Project:</h2>
F:\hb\projects\luke\app\test_jz2440\build\MDK4\test_jz2440.uvproj
Project File Date:  04/22/2015

<h2>Output:</h2>
Build target 'test_jz2440'
linking...
Program Size: Code=32880 RO-data=2872 RW-data=352 ZI-data=1053840  
".\Output\test_jz2440.axf" - 0 Error(s), 0 Warning(s).
</pre>
</body>
</html>
ng mem.c...
compiling memheap.c...
compiling mempool.c...
compiling module.c...
compiling object.c...
compiling scheduler.c...
compiling slab.c...
compiling thread.c...
compiling timer.c...
compiling board.c...
compiling cpu.c...
compiling interrupt.c...
compiling main.c...
..\..\main.c(11): warning:  #223-D: function "rt_hw_interrupt_disable" declared implicitly
        rt_hw_interrupt_disable();
..\..\main.c(14): warning:  #223-D: function "rt_hw_cpu_icache_enable" declared implicitly
        rt_hw_cpu_icache_enable();
..\..\main.c(15): warning:  #223-D: function "rt_hw_cpu_dcache_enable" declared implicitly
        rt_hw_cpu_dcache_enable();
..\..\main.c(18): warning:  #223-D: function "rt_hw_interrupt_init" declared implicitly
        rt_hw_interrupt_init();
..\..\main.c(21): warning:  #223-D: function "rt_hw_board_init" declared implicitly
        rt_hw_board_init();
..\..\main.c(24): warning:  #223-D: function "rt_show_version" declared implicitly
        rt_show_version();
..\..\main.c: 6 warnings, 0 errors
compiling mmu.c...
compiling serial.c...
..\..\serial.c(109): warning:  #68-D: integer conversion resulted in a change of sign
          return -RT_ENOMEM;
..\..\serial.c(173): warning:  #68-D: integer conversion resulted in a change of sign
          return -RT_ENOMEM;
..\..\serial.c: 2 warnings, 0 errors
compiling stack.c...
compiling system_clock.c...
assembling context.S...
linking...
Program Size: Code=32880 RO-data=2872 RW-data=352 ZI-data=1053840  
".\Output\test_jz2440.axf" - 0 Error(s), 8 Warning(s).
