Component: ARM Compiler 5.05 update 1 (build 106) Tool: armlink [4d0efa]

==============================================================================

Section Cross References

    start.o(RESET) refers to start.o(STACK) for Stack_Top
    start.o(RESET) refers to __main.o(!!!main) for __main
    start.o(.text) refers to start.o(HEAP) for Heap_Mem
    start.o(.text) refers to start.o(STACK) for Stack_Mem
    clock.o(i.rt_tick_from_millisecond) refers to aeabi_sdiv.o(.text_udiv) for __aeabi_uidivmod
    clock.o(i.rt_tick_get) refers to clock.o(.data) for rt_tick
    clock.o(i.rt_tick_increase) refers to thread.o(i.rt_thread_self) for rt_thread_self
    clock.o(i.rt_tick_increase) refers to thread.o(i.rt_thread_yield) for rt_thread_yield
    clock.o(i.rt_tick_increase) refers to timer.o(i.rt_timer_check) for rt_timer_check
    clock.o(i.rt_tick_increase) refers to clock.o(.data) for rt_tick
    clock.o(i.rt_tick_set) refers to context.o(.text) for rt_hw_interrupt_disable
    clock.o(i.rt_tick_set) refers to clock.o(.data) for rt_tick
    clock.o(RTMSymTab) refers to clock.o(i.rt_tick_get) for rt_tick_get
    clock.o(RTMSymTab) refers to clock.o(.constdata) for __rtmsym_rt_tick_get_name
    clock.o(RTMSymTab) refers to clock.o(i.rt_tick_from_millisecond) for rt_tick_from_millisecond
    device.o(i.rt_device_find) refers to thread.o(i.rt_thread_self) for rt_thread_self
    device.o(i.rt_device_find) refers to scheduler.o(i.rt_enter_critical) for rt_enter_critical
    device.o(i.rt_device_find) refers to kservice.o(i.rt_strncmp) for rt_strncmp
    device.o(i.rt_device_find) refers to scheduler.o(i.rt_exit_critical) for rt_exit_critical
    device.o(i.rt_device_find) refers to object.o(.data) for rt_object_container
    device.o(i.rt_device_init) refers to kservice.o(i.rt_kprintf) for rt_kprintf
    device.o(i.rt_device_open) refers to kservice.o(i.rt_kprintf) for rt_kprintf
    device.o(i.rt_device_read) refers to kservice.o(i.rt_set_errno) for rt_set_errno
    device.o(i.rt_device_register) refers to device.o(i.rt_device_find) for rt_device_find
    device.o(i.rt_device_register) refers to object.o(i.rt_object_init) for rt_object_init
    device.o(i.rt_device_unregister) refers to object.o(i.rt_object_detach) for rt_object_detach
    device.o(i.rt_device_write) refers to kservice.o(i.rt_set_errno) for rt_set_errno
    device.o(RTMSymTab) refers to device.o(i.rt_device_register) for rt_device_register
    device.o(RTMSymTab) refers to device.o(.constdata) for __rtmsym_rt_device_register_name
    device.o(RTMSymTab) refers to device.o(i.rt_device_unregister) for rt_device_unregister
    device.o(RTMSymTab) refers to device.o(i.rt_device_find) for rt_device_find
    device.o(RTMSymTab) refers to device.o(i.rt_device_open) for rt_device_open
    device.o(RTMSymTab) refers to device.o(i.rt_device_close) for rt_device_close
    device.o(RTMSymTab) refers to device.o(i.rt_device_read) for rt_device_read
    device.o(RTMSymTab) refers to device.o(i.rt_device_write) for rt_device_write
    device.o(RTMSymTab) refers to device.o(i.rt_device_control) for rt_device_control
    device.o(RTMSymTab) refers to device.o(i.rt_device_set_rx_indicate) for rt_device_set_rx_indicate
    device.o(RTMSymTab) refers to device.o(i.rt_device_set_tx_complete) for rt_device_set_tx_complete
    idle.o(i._has_defunct_thread) refers to scheduler.o(.data) for rt_thread_defunct
    idle.o(i.rt_thread_idle_entry) refers to idle.o(i.rt_thread_idle_excute) for rt_thread_idle_excute
    idle.o(i.rt_thread_idle_entry) refers to idle.o(.data) for rt_thread_idle_hook
    idle.o(i.rt_thread_idle_excute) refers to context.o(.text) for rt_hw_interrupt_disable
    idle.o(i.rt_thread_idle_excute) refers to idle.o(i._has_defunct_thread) for _has_defunct_thread
    idle.o(i.rt_thread_idle_excute) refers to object.o(i.rt_object_is_systemobject) for rt_object_is_systemobject
    idle.o(i.rt_thread_idle_excute) refers to mem.o(i.rt_free) for rt_free
    idle.o(i.rt_thread_idle_excute) refers to object.o(i.rt_object_delete) for rt_object_delete
    idle.o(i.rt_thread_idle_excute) refers to module.o(i.rt_module_destroy) for rt_module_destroy
    idle.o(i.rt_thread_idle_excute) refers to scheduler.o(.data) for rt_thread_defunct
    idle.o(i.rt_thread_idle_init) refers to thread.o(i.rt_thread_init) for rt_thread_init
    idle.o(i.rt_thread_idle_init) refers to thread.o(i.rt_thread_startup) for rt_thread_startup
    idle.o(i.rt_thread_idle_init) refers to idle.o(.bss) for rt_thread_stack
    idle.o(i.rt_thread_idle_init) refers to idle.o(i.rt_thread_idle_entry) for rt_thread_idle_entry
    idle.o(i.rt_thread_idle_sethook) refers to idle.o(.data) for rt_thread_idle_hook
    ipc.o(i.rt_event_control) refers to context.o(.text) for rt_hw_interrupt_disable
    ipc.o(i.rt_event_control) refers to ipc.o(i.rt_ipc_list_resume_all) for rt_ipc_list_resume_all
    ipc.o(i.rt_event_control) refers to scheduler.o(i.rt_schedule) for rt_schedule
[...]
    kservice.o(i.rt_console_set_device) refers to kservice.o(.data) for _console_device
    kservice.o(i.rt_free_align) refers to mem.o(i.rt_free) for rt_free
    kservice.o(i.rt_get_errno) refers to irq.o(i.rt_interrupt_get_nest) for rt_interrupt_get_nest
    kservice.o(i.rt_get_errno) refers to thread.o(i.rt_thread_self) for rt_thread_self
    kservice.o(i.rt_get_errno) refers to kservice.o(.data) for _errno
    kservice.o(i.rt_kprintf) refers to kservice.o(i.rt_vsnprintf) for rt_vsnprintf
    kservice.o(i.rt_kprintf) refers to kservice.o(i.rt_hw_console_output) for rt_hw_console_output
    kservice.o(i.rt_kprintf) refers to device.o(i.rt_device_write) for rt_device_write
    kservice.o(i.rt_kprintf) refers to kservice.o(.bss) for rt_log_buf
    kservice.o(i.rt_kprintf) refers to kservice.o(.data) for _console_device
    kservice.o(i.rt_malloc_align) refers to mem.o(i.rt_malloc) for rt_malloc
    kservice.o(i.rt_set_errno) refers to irq.o(i.rt_interrupt_get_nest) for rt_interrupt_get_nest
    kservice.o(i.rt_set_errno) refers to thread.o(i.rt_thread_self) for rt_thread_self
    kservice.o(i.rt_set_errno) refers to kservice.o(.data) for _errno
    kservice.o(i.rt_show_version) refers to kservice.o(i.rt_kprintf) for rt_kprintf
    kservice.o(i.rt_snprintf) refers to kservice.o(i.rt_vsnprintf) for rt_vsnprintf
    kservice.o(i.rt_sprintf) refers to kservice.o(i.rt_vsprintf) for rt_vsprintf
    kservice.o(i.rt_strdup) refers to kservice.o(i.rt_strlen) for rt_strlen
    kservice.o(i.rt_strdup) refers to mem.o(i.rt_malloc) for rt_malloc
    kservice.o(i.rt_strdup) refers to kservice.o(i.rt_memcpy) for rt_memcpy
    kservice.o(i.rt_strstr) refers to kservice.o(i.rt_strlen) for rt_strlen
    kservice.o(i.rt_strstr) refers to kservice.o(i.rt_memcmp) for rt_memcmp
    kservice.o(i.rt_vsnprintf) refers to kservice.o(i.skip_atoi) for skip_atoi
    kservice.o(i.rt_vsnprintf) refers to kservice.o(i.rt_strlen) for rt_strlen
    kservice.o(i.rt_vsnprintf) refers to kservice.o(i.print_number) for print_number
    kservice.o(i.rt_vsprintf) refers to kservice.o(i.rt_vsnprintf) for rt_vsnprintf
    kservice.o(RTMSymTab) refers to kservice.o(i.rt_get_errno) for rt_get_errno
    kservice.o(RTMSymTab) refers to kservice.o(.constdata) for __rtmsym_rt_get_errno_name
    kservice.o(RTMSymTab) refers to kservice.o(i.rt_set_errno) for rt_set_errno
    kservice.o(RTMSymTab) refers to kservice.o(i._rt_errno) for _rt_errno
    kservice.o(RTMSymTab) refers to kservice.o(i.rt_memset) for rt_memset
    kservice.o(RTMSymTab) refers to kservice.o(i.rt_memcpy) for rt_memcpy
    kservice.o(RTMSymTab) refers to kservice.o(i.rt_memmove) for rt_memmove
    kservice.o(RTMSymTab) refers to kservice.o(i.rt_memcmp) for rt_memcmp
    kservice.o(RTMSymTab) refers to kservice.o(i.rt_strstr) for rt_strstr
    kservice.o(RTMSymTab) refers to kservice.o(i.rt_strcasecmp) for rt_strcasecmp
    kservice.o(RTMSymTab) refers to kservice.o(i.rt_strncpy) for rt_strncpy
    kservice.o(RTMSymTab) refers to kservice.o(i.rt_strncmp) for rt_strncmp
    kservice.o(RTMSymTab) refers to kservice.o(i.rt_strcmp) for rt_strcmp
    kservice.o(RTMSymTab) refers to kservice.o(i.rt_strlen) for rt_strlen
    kservice.o(RTMSymTab) refers to kservice.o(i.rt_strdup) for rt_strdup
    kservice.o(RTMSymTab) refers to kservice.o(i.rt_show_version) for rt_show_version
    kservice.o(RTMSymTab) refers to kservice.o(i.rt_vsnprintf) for rt_vsnprintf
    kservice.o(RTMSymTab) refers to kservice.o(i.rt_snprintf) for rt_snprintf
    kservice.o(RTMSymTab) refers to kservice.o(i.rt_vsprintf) for rt_vsprintf
    kservice.o(RTMSymTab) refers to kservice.o(i.rt_sprintf) for rt_sprintf
    kservice.o(RTMSymTab) refers to kservice.o(i.rt_console_get_device) for rt_console_get_device
    kservice.o(RTMSymTab) refers to kservice.o(i.rt_console_set_device) for rt_console_set_device
    kservice.o(RTMSymTab) refers to kservice.o(i.rt_hw_console_output) for rt_hw_console_output
    kservice.o(RTMSymTab) refers to kservice.o(i.rt_kprintf) for rt_kprintf
    kservice.o(RTMSymTab) refers to kservice.o(i.rt_malloc_align) for rt_malloc_align
    kservice.o(RTMSymTab) refers to kservice.o(i.rt_free_align) for rt_free_align
    mem.o(i.plug_holes) refers to mem.o(.data) for heap_ptr
    mem.o(i.rt_calloc) refers to mem.o(i.rt_malloc) for rt_malloc
    mem.o(i.rt_calloc) refers to kservice.o(i.rt_memset) for rt_memset
    mem.o(i.rt_free) refers to ipc.o(i.rt_sem_take) for rt_sem_take
    mem.o(i.rt_free) refers to mem.o(i.plug_holes) for plug_holes
    mem.o(i.rt_free) refers to ipc.o(i.rt_sem_release) for rt_sem_release
    mem.o(i.rt_free) refers to mem.o(.data) for rt_free_hook
    mem.o(i.rt_free) refers to mem.o(.bss) for heap_sem
    mem.o(i.rt_free_sethook) refers to mem.o(.data) for rt_free_hook
    mem.o(i.rt_malloc) refers to ipc.o(i.rt_sem_take) for rt_sem_take
    mem.o(i.rt_malloc) refers to ipc.o(i.rt_sem_release) for rt_sem_release
    mem.o(i.rt_malloc) refers to mem.o(.data) for mem_size_aligned
    mem.o(i.rt_malloc) refers to mem.o(.bss) for heap_sem
    mem.o(i.rt_malloc_sethook) refers to mem.o(.data) for rt_malloc_hook
    mem.o(i.rt_memory_info) refers to mem.o(.data) for mem_size_aligned
    mem.o(i.rt_realloc) refers to mem.o(i.rt_malloc) for rt_malloc
    mem.o(i.rt_realloc) refers to ipc.o(i.rt_sem_take) for rt_sem_take
    mem.o(i.rt_realloc) refers to ipc.o(i.rt_sem_release) for rt_sem_release
    mem.o(i.rt_realloc) refers to mem.o(i.plug_holes) for plug_holes
    mem.o(i.rt_realloc) refers to kservice.o(i.rt_memcpy) for rt_memcpy
    mem.o(i.rt_realloc) refers to mem.o(i.rt_free) for rt_free
    mem.o(i.rt_realloc) refers to mem.o(.data) for mem_size_aligned
    mem.o(i.rt_realloc) refers to mem.o(.bss) for heap_sem
    mem.o(i.rt_system_heap_init) refers to kservice.o(i.rt_kprintf) for rt_kprintf
    mem.o(i.rt_system_heap_init) refers to ipc.o(i.rt_sem_init) for rt_sem_init
    mem.o(i.rt_system_heap_init) refers to mem.o(.data) for mem_size_aligned
    mem.o(i.rt_system_heap_init) refers to mem.o(.bss) for heap_sem
    mem.o(RTMSymTab) refers to mem.o(i.rt_malloc) for rt_malloc
    mem.o(RTMSymTab) refers to mem.o(.constdata) for __rtmsym_rt_malloc_name
    mem.o(RTMSymTab) refers to mem.o(i.rt_realloc) for rt_realloc
    mem.o(RTMSymTab) refers to mem.o(i.rt_calloc) for rt_calloc
    mem.o(RTMSymTab) refers to mem.o(i.rt_free) for rt_free
    mempool.o(i.rt_mp_alloc) refers to thread.o(i.rt_thread_self) for rt_thread_self
    mempool.o(i.rt_mp_alloc) refers to context.o(.text) for rt_hw_interrupt_disable
    mempool.o(i.rt_mp_alloc) refers to kservice.o(i.rt_set_errno) for rt_set_errno
    mempool.o(i.rt_mp_alloc) refers to thread.o(i.rt_thread_suspend) for rt_thread_suspend
    mempool.o(i.rt_mp_alloc) refers to clock.o(i.rt_tick_get) for rt_tick_get
    mempool.o(i.rt_mp_alloc) refers to timer.o(i.rt_timer_control) for rt_timer_control
    mempool.o(i.rt_mp_alloc) refers to timer.o(i.rt_timer_start) for rt_timer_start
    mempool.o(i.rt_mp_alloc) refers to scheduler.o(i.rt_schedule) for rt_schedule
    mempool.o(i.rt_mp_alloc) refers to mempool.o(.data) for rt_mp_alloc_hook
    mempool.o(i.rt_mp_alloc_sethook) refers to mempool.o(.data) for rt_mp_alloc_hook
    mempool.o(i.rt_mp_create) refers to object.o(i.rt_object_allocate) for rt_object_allocate
    mempool.o(i.rt_mp_create) refers to mem.o(i.rt_malloc) for rt_malloc
    mempool.o(i.rt_mp_create) refers to object.o(i.rt_object_delete) for rt_object_delete
    mempool.o(i.rt_mp_create) refers to mempool.o(i.rt_list_init) for rt_list_init
    mempool.o(i.rt_mp_delete) refers to context.o(.text) for rt_hw_interrupt_disable
    mempool.o(i.rt_mp_delete) refers to thread.o(i.rt_thread_resume) for rt_thread_resume
    mempool.o(i.rt_mp_delete) refers to mempool.o(i.rt_list_isempty) for rt_list_isempty
    mempool.o(i.rt_mp_delete) refers to mem.o(i.rt_free) for rt_free
    mempool.o(i.rt_mp_delete) refers to object.o(i.rt_object_delete) for rt_object_delete
    mempool.o(i.rt_mp_detach) refers to context.o(.text) for rt_hw_interrupt_disable
    mempool.o(i.rt_mp_detach) refers to thread.o(i.rt_thread_resume) for rt_thread_resume
    mempool.o(i.rt_mp_detach) refers to mempool.o(i.rt_list_isempty) for rt_list_isempty
    mempool.o(i.rt_mp_detach) refers to object.o(i.rt_object_detach) for rt_object_detach
    mempool.o(i.rt_mp_free) refers to context.o(.text) for rt_hw_interrupt_disable
    mempool.o(i.rt_mp_free) refers to thread.o(i.rt_thread_resume) for rt_thread_resume
    mempool.o(i.rt_mp_free) refers to scheduler.o(i.rt_schedule) for rt_schedule
    mempool.o(i.rt_mp_free) refers to mempool.o(.data) for rt_mp_free_hook
    mempool.o(i.rt_mp_free_sethook) refers to mempool.o(.data) for rt_mp_free_hook
    mempool.o(i.rt_mp_init) refers to object.o(i.rt_object_init) for rt_object_init
    mempool.o(i.rt_mp_init) refers to aeabi_sdiv.o(.text_udiv) for __aeabi_uidivmod
    mempool.o(i.rt_mp_init) refers to mempool.o(i.rt_list_init) for rt_list_init
    mempool.o(RTMSymTab) refers to mempool.o(i.rt_mp_init) for rt_mp_init
    mempool.o(RTMSymTab) refers to mempool.o(.constdata) for __rtmsym_rt_mp_init_name
    mempool.o(RTMSymTab) refers to mempool.o(i.rt_mp_detach) for rt_mp_detach
    mempool.o(RTMSymTab) refers to mempool.o(i.rt_mp_create) for rt_mp_create
    mempool.o(RTMSymTab) refers to mempool.o(i.rt_mp_delete) for rt_mp_delete
    mempool.o(RTMSymTab) refers to mempool.o(i.rt_mp_alloc) for rt_mp_alloc
    mempool.o(RTMSymTab) refers to mempool.o(i.rt_mp_free) for rt_mp_free
    module.o(i._load_relocated_object) refers to object.o(i.rt_object_allocate) for rt_object_allocate
    module.o(i._load_relocated_object) refers to mem.o(i.rt_malloc) for rt_malloc
    module.o(i._load_relocated_object) refers to kservice.o(i.rt_kprintf) for rt_kprintf
    module.o(i._load_relocated_object) refers to object.o(i.rt_object_delete) for rt_object_delete
    module.o(i._load_relocated_object) refers to kservice.o(i.rt_memset) for rt_memset
    module.o(i._load_relocated_object) refers to kservice.o(i.rt_memcpy) for rt_memcpy
    module.o(i._load_relocated_object) refers to kservice.o(i.rt_strncmp) for rt_strncmp
    module.o(i._load_relocated_object) refers to module.o(i.rt_module_arm_relocate) for rt_module_arm_relocate
    module.o(i._load_relocated_object) refers to module.o(i.rt_module_symbol_find) for rt_module_symbol_find
    module.o(i._load_shared_object) refers to kservice.o(i.rt_memcmp) for rt_memcmp
    module.o(i._load_shared_object) refers to kservice.o(i.rt_kprintf) for rt_kprintf
    module.o(i._load_shared_object) refers to object.o(i.rt_object_allocate) for rt_object_allocate
    module.o(i._load_shared_object) refers to mem.o(i.rt_malloc) for rt_malloc
    module.o(i._load_shared_object) refers to object.o(i.rt_object_delete) for rt_object_delete
    module.o(i._load_shared_object) refers to kservice.o(i.rt_memset) for rt_memset
    module.o(i._load_shared_object) refers to kservice.o(i.rt_memcpy) for rt_memcpy
    module.o(i._load_shared_object) refers to module.o(i.rt_module_arm_relocate) for rt_module_arm_relocate
    module.o(i._load_shared_object) refers to module.o(i.rt_module_symbol_find) for rt_module_symbol_find
    module.o(i._load_shared_object) refers to module.o(.data) for unsolved
    module.o(i._load_shared_object) refers to kservice.o(i.rt_strcmp) for rt_strcmp
    module.o(i._load_shared_object) refers to kservice.o(i.rt_strlen) for rt_strlen
    module.o(i.module_main_entry) refers to kservice.o(i.rt_memset) for rt_memset
    module.o(i.module_main_entry) refers to module.o(i._rt_module_split_arg) for _rt_module_split_arg
    module.o(i.rt_module_arm_relocate) refers to kservice.o(i.rt_kprintf) for rt_kprintf
    module.o(i.rt_module_destroy) refers to object.o(i.rt_object_is_systemobject) for rt_object_is_systemobject
    module.o(i.rt_module_destroy) refers to ipc.o(i.rt_sem_detach) for rt_sem_detach
    module.o(i.rt_module_destroy) refers to ipc.o(i.rt_sem_delete) for rt_sem_delete
    module.o(i.rt_module_destroy) refers to ipc.o(i.rt_mutex_detach) for rt_mutex_detach
    module.o(i.rt_module_destroy) refers to ipc.o(i.rt_mutex_delete) for rt_mutex_delete
    module.o(i.rt_module_destroy) refers to ipc.o(i.rt_event_detach) for rt_event_detach
    module.o(i.rt_module_destroy) refers to ipc.o(i.rt_event_delete) for rt_event_delete
    module.o(i.rt_module_destroy) refers to ipc.o(i.rt_mb_detach) for rt_mb_detach
    module.o(i.rt_module_destroy) refers to ipc.o(i.rt_mb_delete) for rt_mb_delete
    module.o(i.rt_module_destroy) refers to ipc.o(i.rt_mq_detach) for rt_mq_detach
    module.o(i.rt_module_destroy) refers to ipc.o(i.rt_mq_delete) for rt_mq_delete
    module.o(i.rt_module_destroy) refers to mempool.o(i.rt_mp_detach) for rt_mp_detach
    module.o(i.rt_module_destroy) refers to mempool.o(i.rt_mp_delete) for rt_mp_delete
    module.o(i.rt_module_destroy) refers to device.o(i.rt_device_unregister) for rt_device_unregister
    module.o(i.rt_module_destroy) refers to timer.o(i.rt_timer_detach) for rt_timer_detach
    module.o(i.rt_module_destroy) refers to timer.o(i.rt_timer_delete) for rt_timer_delete
    module.o(i.rt_module_destroy) refers to mem.o(i.rt_free) for rt_free
    module.o(i.rt_module_destroy) refers to object.o(i.rt_object_delete) for rt_object_delete
    module.o(i.rt_module_do_main) refers to kservice.o(i.rt_memcmp) for rt_memcmp
    module.o(i.rt_module_do_main) refers to kservice.o(i.rt_kprintf) for rt_kprintf
    module.o(i.rt_module_do_main) refers to module.o(i._load_relocated_object) for _load_relocated_object
    module.o(i.rt_module_do_main) refers to module.o(i._load_shared_object) for _load_shared_object
    module.o(i.rt_module_do_main) refers to module.o(i.rt_module_init_object_container) for rt_module_init_object_container
    module.o(i.rt_module_do_main) refers to mem.o(i.rt_malloc) for rt_malloc
    module.o(i.rt_module_do_main) refers to kservice.o(i.rt_memcpy) for rt_memcpy
    module.o(i.rt_module_do_main) refers to thread.o(i.rt_thread_create) for rt_thread_create
    module.o(i.rt_module_do_main) refers to thread.o(i.rt_thread_startup) for rt_thread_startup
    module.o(i.rt_module_do_main) refers to module.o(i.module_main_entry) for module_main_entry
    module.o(i.rt_module_do_main) refers to module.o(.data) for rt_module_load_hook
    module.o(i.rt_module_find) refers to scheduler.o(i.rt_enter_critical) for rt_enter_critical
    module.o(i.rt_module_find) refers to kservice.o(i.rt_strncmp) for rt_strncmp
    module.o(i.rt_module_find) refers to scheduler.o(i.rt_exit_critical) for rt_exit_critical
    module.o(i.rt_module_find) refers to object.o(.data) for rt_object_container
    module.o(i.rt_module_init_object_container) refers to module.o(i.rt_list_init) for rt_list_init
    module.o(i.rt_module_load) refers to kservice.o(i.rt_memcmp) for rt_memcmp
    module.o(i.rt_module_load) refers to kservice.o(i.rt_kprintf) for rt_kprintf
    module.o(i.rt_module_load) refers to module.o(i._load_relocated_object) for _load_relocated_object
    module.o(i.rt_module_load) refers to module.o(i._load_shared_object) for _load_shared_object
    module.o(i.rt_module_load) refers to module.o(i.rt_module_init_object_container) for rt_module_init_object_container
    module.o(i.rt_module_load) refers to thread.o(i.rt_thread_create) for rt_thread_create
    module.o(i.rt_module_load) refers to thread.o(i.rt_thread_startup) for rt_thread_startup
    module.o(i.rt_module_load) refers to module.o(.data) for rt_module_load_hook
    module.o(i.rt_module_load_sethook) refers to module.o(.data) for rt_module_load_hook
    module.o(i.rt_module_self) refers to thread.o(i.rt_thread_self) for rt_thread_self
    module.o(i.rt_module_symbol_find) refers to kservice.o(i.rt_strcmp) for rt_strcmp
    module.o(i.rt_module_symbol_find) refers to module.o(.data) for _rt_module_symtab_begin
    module.o(i.rt_module_unload) refers to scheduler.o(i.rt_enter_critical) for rt_enter_critical
    module.o(i.rt_module_unload) refers to object.o(i.rt_object_is_systemobject) for rt_object_is_systemobject
    module.o(i.rt_module_unload) refers to thread.o(i.rt_thread_detach) for rt_thread_detach
    module.o(i.rt_module_unload) refers to thread.o(i.rt_thread_delete) for rt_thread_delete
    module.o(i.rt_module_unload) refers to scheduler.o(i.rt_exit_critical) for rt_exit_critical
    module.o(i.rt_module_unload) refers to module.o(.data) for rt_module_unload_hook
    module.o(i.rt_module_unload_sethook) refers to module.o(.data) for rt_module_unload_hook
    module.o(i.rt_system_module_init) refers to module.o(.data) for _rt_module_symtab_begin
    object.o(i.rt_object_allocate) refers to module.o(i.rt_module_self) for rt_module_self
    object.o(i.rt_object_allocate) refers to mem.o(i.rt_malloc) for rt_malloc
    object.o(i.rt_object_allocate) refers to kservice.o(i.rt_strncpy) for rt_strncpy
    object.o(i.rt_object_allocate) refers to context.o(.text) for rt_hw_interrupt_disable
    object.o(i.rt_object_allocate) refers to object.o(i.rt_list_insert_after) for rt_list_insert_after
    object.o(i.rt_object_allocate) refers to object.o(.data) for rt_object_container
    object.o(i.rt_object_attach_sethook) refers to object.o(.data) for rt_object_attach_hook
    object.o(i.rt_object_delete) refers to context.o(.text) for rt_hw_interrupt_disable
    object.o(i.rt_object_delete) refers to object.o(i.rt_list_remove) for rt_list_remove
    object.o(i.rt_object_delete) refers to mem.o(i.rt_free) for rt_free
    object.o(i.rt_object_delete) refers to object.o(.data) for rt_object_detach_hook
    object.o(i.rt_object_detach) refers to context.o(.text) for rt_hw_interrupt_disable
    object.o(i.rt_object_detach) refers to object.o(i.rt_list_remove) for rt_list_remove
    object.o(i.rt_object_detach) refers to object.o(.data) for rt_object_detach_hook
    object.o(i.rt_object_detach_sethook) refers to object.o(.data) for rt_object_detach_hook
    object.o(i.rt_object_find) refers to scheduler.o(i.rt_enter_critical) for rt_enter_critical
    object.o(i.rt_object_find) refers to kservice.o(i.rt_strncmp) for rt_strncmp
    object.o(i.rt_object_find) refers to scheduler.o(i.rt_exit_critical) for rt_exit_critical
    object.o(i.rt_object_find) refers to object.o(.data) for rt_object_container
    object.o(i.rt_object_get_information) refers to object.o(.data) for rt_object_container
    object.o(i.rt_object_init) refers to module.o(i.rt_module_self) for rt_module_self
    object.o(i.rt_object_init) refers to kservice.o(i.rt_strncpy) for rt_strncpy
    object.o(i.rt_object_init) refers to context.o(.text) for rt_hw_interrupt_disable
    object.o(i.rt_object_init) refers to object.o(i.rt_list_insert_after) for rt_list_insert_after
    object.o(i.rt_object_init) refers to object.o(.data) for rt_object_container
    object.o(i.rt_object_put_sethook) refers to object.o(.data) for rt_object_put_hook
    object.o(i.rt_object_take_sethook) refers to object.o(.data) for rt_object_take_hook
    object.o(i.rt_object_trytake_sethook) refers to object.o(.data) for rt_object_trytake_hook
    object.o(RTMSymTab) refers to object.o(i.rt_object_get_information) for rt_object_get_information
    object.o(RTMSymTab) refers to object.o(.constdata) for __rtmsym_rt_object_get_information_name
    scheduler.o(i._rt_scheduler_stack_check) refers to kservice.o(i.rt_kprintf) for rt_kprintf
    scheduler.o(i._rt_scheduler_stack_check) refers to context.o(.text) for rt_hw_interrupt_disable
    scheduler.o(i.rt_critical_level) refers to scheduler.o(.data) for rt_scheduler_lock_nest
    scheduler.o(i.rt_enter_critical) refers to context.o(.text) for rt_hw_interrupt_disable
    scheduler.o(i.rt_enter_critical) refers to scheduler.o(.data) for rt_scheduler_lock_nest
    scheduler.o(i.rt_exit_critical) refers to context.o(.text) for rt_hw_interrupt_disable
    scheduler.o(i.rt_exit_critical) refers to scheduler.o(i.rt_schedule) for rt_schedule
    scheduler.o(i.rt_exit_critical) refers to scheduler.o(.data) for rt_scheduler_lock_nest
    scheduler.o(i.rt_schedule) refers to context.o(.text) for rt_hw_interrupt_disable
    scheduler.o(i.rt_schedule) refers to kservice.o(i.__rt_ffs) for __rt_ffs
    scheduler.o(i.rt_schedule) refers to scheduler.o(i._rt_scheduler_stack_check) for _rt_scheduler_stack_check
    scheduler.o(i.rt_schedule) refers to scheduler.o(.data) for rt_scheduler_lock_nest
    scheduler.o(i.rt_schedule) refers to scheduler.o(.bss) for rt_thread_ready_table
    scheduler.o(i.rt_schedule) refers to irq.o(.data) for rt_interrupt_nest
    scheduler.o(i.rt_schedule_insert_thread) refers to context.o(.text) for rt_hw_interrupt_disable
    scheduler.o(i.rt_schedule_insert_thread) refers to scheduler.o(.bss) for rt_thread_priority_table
    scheduler.o(i.rt_schedule_insert_thread) refers to scheduler.o(.data) for rt_thread_ready_priority_group
    scheduler.o(i.rt_schedule_remove_thread) refers to context.o(.text) for rt_hw_interrupt_disable
    scheduler.o(i.rt_schedule_remove_thread) refers to scheduler.o(.bss) for rt_thread_priority_table
    scheduler.o(i.rt_schedule_remove_thread) refers to scheduler.o(.data) for rt_thread_ready_priority_group
    scheduler.o(i.rt_scheduler_sethook) refers to scheduler.o(.data) for rt_scheduler_hook
    scheduler.o(i.rt_system_scheduler_init) refers to scheduler.o(i.rt_list_init) for rt_list_init
    scheduler.o(i.rt_system_scheduler_init) refers to kservice.o(i.rt_memset) for rt_memset
    scheduler.o(i.rt_system_scheduler_init) refers to scheduler.o(.data) for rt_scheduler_lock_nest
    scheduler.o(i.rt_system_scheduler_init) refers to scheduler.o(.bss) for rt_thread_priority_table
    scheduler.o(i.rt_system_scheduler_start) refers to kservice.o(i.__rt_ffs) for __rt_ffs
    scheduler.o(i.rt_system_scheduler_start) refers to context.o(.text) for rt_hw_context_switch_to
    scheduler.o(i.rt_system_scheduler_start) refers to scheduler.o(.data) for rt_thread_ready_priority_group
    scheduler.o(i.rt_system_scheduler_start) refers to scheduler.o(.bss) for rt_thread_ready_table
    thread.o(i._rt_thread_init) refers to kservice.o(i.rt_memset) for rt_memset
    thread.o(i._rt_thread_init) refers to stack.o(i.rt_hw_stack_init) for rt_hw_stack_init
    thread.o(i._rt_thread_init) refers to timer.o(i.rt_timer_init) for rt_timer_init
    thread.o(i._rt_thread_init) refers to thread.o(i.rt_thread_exit) for rt_thread_exit
    thread.o(i._rt_thread_init) refers to thread.o(i.rt_thread_timeout) for rt_thread_timeout
    thread.o(i.rt_thread_control) refers to context.o(.text) for rt_hw_interrupt_disable
    thread.o(i.rt_thread_control) refers to scheduler.o(i.rt_schedule_remove_thread) for rt_schedule_remove_thread
    thread.o(i.rt_thread_control) refers to scheduler.o(i.rt_schedule_insert_thread) for rt_schedule_insert_thread
    thread.o(i.rt_thread_control) refers to thread.o(i.rt_thread_startup) for rt_thread_startup
    thread.o(i.rt_thread_control) refers to thread.o(i.rt_thread_delete) for rt_thread_delete
    thread.o(i.rt_thread_create) refers to object.o(i.rt_object_allocate) for rt_object_allocate
    thread.o(i.rt_thread_create) refers to mem.o(i.rt_malloc) for rt_malloc
    thread.o(i.rt_thread_create) refers to object.o(i.rt_object_delete) for rt_object_delete
    thread.o(i.rt_thread_create) refers to thread.o(i._rt_thread_init) for _rt_thread_init
    thread.o(i.rt_thread_delay) refers to thread.o(i.rt_thread_sleep) for rt_thread_sleep
    thread.o(i.rt_thread_delete) refers to scheduler.o(i.rt_schedule_remove_thread) for rt_schedule_remove_thread
    thread.o(i.rt_thread_delete) refers to timer.o(i.rt_timer_detach) for rt_timer_detach
    thread.o(i.rt_thread_delete) refers to context.o(.text) for rt_hw_interrupt_disable
    thread.o(i.rt_thread_delete) refers to thread.o(i.rt_list_insert_after) for rt_list_insert_after
    thread.o(i.rt_thread_delete) refers to scheduler.o(.data) for rt_thread_defunct
    thread.o(i.rt_thread_detach) refers to scheduler.o(i.rt_schedule_remove_thread) for rt_schedule_remove_thread
    thread.o(i.rt_thread_detach) refers to timer.o(i.rt_timer_detach) for rt_timer_detach
    thread.o(i.rt_thread_detach) refers to object.o(i.rt_object_detach) for rt_object_detach
    thread.o(i.rt_thread_detach) refers to context.o(.text) for rt_hw_interrupt_disable
    thread.o(i.rt_thread_detach) refers to thread.o(i.rt_list_insert_after) for rt_list_insert_after
    thread.o(i.rt_thread_detach) refers to scheduler.o(.data) for rt_thread_defunct
    thread.o(i.rt_thread_exit) refers to context.o(.text) for rt_hw_interrupt_disable
    thread.o(i.rt_thread_exit) refers to scheduler.o(i.rt_schedule_remove_thread) for rt_schedule_remove_thread
    thread.o(i.rt_thread_exit) refers to timer.o(i.rt_timer_detach) for rt_timer_detach
    thread.o(i.rt_thread_exit) refers to object.o(i.rt_object_is_systemobject) for rt_object_is_systemobject
    thread.o(i.rt_thread_exit) refers to object.o(i.rt_object_detach) for rt_object_detach
    thread.o(i.rt_thread_exit) refers to thread.o(i.rt_list_insert_after) for rt_list_insert_after
    thread.o(i.rt_thread_exit) refers to scheduler.o(i.rt_schedule) for rt_schedule
    thread.o(i.rt_thread_exit) refers to scheduler.o(.data) for rt_current_thread
    thread.o(i.rt_thread_find) refers to thread.o(i.rt_thread_self) for rt_thread_self
    thread.o(i.rt_thread_find) refers to scheduler.o(i.rt_enter_critical) for rt_enter_critical
    thread.o(i.rt_thread_find) refers to kservice.o(i.rt_strncmp) for rt_strncmp
    thread.o(i.rt_thread_find) refers to scheduler.o(i.rt_exit_critical) for rt_exit_critical
    thread.o(i.rt_thread_find) refers to object.o(.data) for rt_object_container
    thread.o(i.rt_thread_init) refers to object.o(i.rt_object_init) for rt_object_init
    thread.o(i.rt_thread_init) refers to thread.o(i._rt_thread_init) for _rt_thread_init
    thread.o(i.rt_thread_resume) refers to context.o(.text) for rt_hw_interrupt_disable
    thread.o(i.rt_thread_resume) refers to thread.o(i.rt_list_remove) for rt_list_remove
    thread.o(i.rt_thread_resume) refers to timer.o(i.rt_timer_stop) for rt_timer_stop
    thread.o(i.rt_thread_resume) refers to scheduler.o(i.rt_schedule_insert_thread) for rt_schedule_insert_thread
    thread.o(i.rt_thread_self) refers to scheduler.o(.data) for rt_current_thread
    thread.o(i.rt_thread_sleep) refers to context.o(.text) for rt_hw_interrupt_disable
    thread.o(i.rt_thread_sleep) refers to thread.o(i.rt_thread_suspend) for rt_thread_suspend
    thread.o(i.rt_thread_sleep) refers to timer.o(i.rt_timer_control) for rt_timer_control
    thread.o(i.rt_thread_sleep) refers to timer.o(i.rt_timer_start) for rt_timer_start
    thread.o(i.rt_thread_sleep) refers to scheduler.o(i.rt_schedule) for rt_schedule
    thread.o(i.rt_thread_sleep) refers to scheduler.o(.data) for rt_current_thread
    thread.o(i.rt_thread_startup) refers to thread.o(i.rt_thread_resume) for rt_thread_resume
    thread.o(i.rt_thread_startup) refers to thread.o(i.rt_thread_self) for rt_thread_self
    thread.o(i.rt_thread_startup) refers to scheduler.o(i.rt_schedule) for rt_schedule
    thread.o(i.rt_thread_suspend) refers to context.o(.text) for rt_hw_interrupt_disable
    thread.o(i.rt_thread_suspend) refers to scheduler.o(i.rt_schedule_remove_thread) for rt_schedule_remove_thread
    thread.o(i.rt_thread_suspend) refers to timer.o(i.rt_timer_stop) for rt_timer_stop
    thread.o(i.rt_thread_timeout) refers to thread.o(i.rt_list_remove) for rt_list_remove
    thread.o(i.rt_thread_timeout) refers to scheduler.o(i.rt_schedule_insert_thread) for rt_schedule_insert_thread
    thread.o(i.rt_thread_timeout) refers to scheduler.o(i.rt_schedule) for rt_schedule
    thread.o(i.rt_thread_yield) refers to context.o(.text) for rt_hw_interrupt_disable
    thread.o(i.rt_thread_yield) refers to thread.o(i.rt_list_remove) for rt_list_remove
    thread.o(i.rt_thread_yield) refers to scheduler.o(i.rt_schedule) for rt_schedule
    thread.o(i.rt_thread_yield) refers to scheduler.o(.data) for rt_current_thread
    thread.o(i.rt_thread_yield) refers to scheduler.o(.bss) for rt_thread_priority_table
    thread.o(RTMSymTab) refers to thread.o(i.rt_thread_init) for rt_thread_init
    thread.o(RTMSymTab) refers to thread.o(.constdata) for __rtmsym_rt_thread_init_name
    thread.o(RTMSymTab) refers to thread.o(i.rt_thread_self) for rt_thread_self
    thread.o(RTMSymTab) refers to thread.o(i.rt_thread_startup) for rt_thread_startup
    thread.o(RTMSymTab) refers to thread.o(i.rt_thread_detach) for rt_thread_detach
    thread.o(RTMSymTab) refers to thread.o(i.rt_thread_create) for rt_thread_create
    thread.o(RTMSymTab) refers to thread.o(i.rt_thread_delete) for rt_thread_delete
    thread.o(RTMSymTab) refers to thread.o(i.rt_thread_yield) for rt_thread_yield
    thread.o(RTMSymTab) refers to thread.o(i.rt_thread_delay) for rt_thread_delay
    thread.o(RTMSymTab) refers to thread.o(i.rt_thread_control) for rt_thread_control
    thread.o(RTMSymTab) refers to thread.o(i.rt_thread_suspend) for rt_thread_suspend
    thread.o(RTMSymTab) refers to thread.o(i.rt_thread_resume) for rt_thread_resume
    thread.o(RTMSymTab) refers to thread.o(i.rt_thread_timeout) for rt_thread_timeout
    thread.o(RTMSymTab) refers to thread.o(i.rt_thread_find) for rt_thread_find
    timer.o(i._rt_timer_init) refers to timer.o(i.rt_list_init) for rt_list_init
    timer.o(i.rt_system_timer_init) refers to timer.o(i.rt_list_init) for rt_list_init
    timer.o(i.rt_system_timer_init) refers to timer.o(.data) for rt_timer_list
    timer.o(i.rt_timer_check) refers to clock.o(i.rt_tick_get) for rt_tick_get
    timer.o(i.rt_timer_check) refers to context.o(.text) for rt_hw_interrupt_disable
    timer.o(i.rt_timer_check) refers to timer.o(i._rt_timer_remove) for _rt_timer_remove
    timer.o(i.rt_timer_check) refers to timer.o(i.rt_timer_start) for rt_timer_start
    timer.o(i.rt_timer_check) refers to timer.o(i.rt_list_isempty) for rt_list_isempty
    timer.o(i.rt_timer_check) refers to timer.o(.data) for rt_timer_list
    timer.o(i.rt_timer_create) refers to object.o(i.rt_object_allocate) for rt_object_allocate
    timer.o(i.rt_timer_create) refers to timer.o(i._rt_timer_init) for _rt_timer_init
    timer.o(i.rt_timer_delete) refers to context.o(.text) for rt_hw_interrupt_disable
    timer.o(i.rt_timer_delete) refers to timer.o(i._rt_timer_remove) for _rt_timer_remove
    timer.o(i.rt_timer_delete) refers to object.o(i.rt_object_delete) for rt_object_delete
    timer.o(i.rt_timer_detach) refers to context.o(.text) for rt_hw_interrupt_disable
    timer.o(i.rt_timer_detach) refers to timer.o(i._rt_timer_remove) for _rt_timer_remove
    timer.o(i.rt_timer_detach) refers to object.o(i.rt_object_detach) for rt_object_detach
    timer.o(i.rt_timer_init) refers to object.o(i.rt_object_init) for rt_object_init
    timer.o(i.rt_timer_init) refers to timer.o(i._rt_timer_init) for _rt_timer_init
    timer.o(i.rt_timer_list_next_timeout) refers to timer.o(i.rt_list_isempty) for rt_list_isempty
    timer.o(i.rt_timer_next_timeout_tick) refers to timer.o(i.rt_timer_list_next_timeout) for rt_timer_list_next_timeout
    timer.o(i.rt_timer_next_timeout_tick) refers to timer.o(.data) for rt_timer_list
    timer.o(i.rt_timer_start) refers to context.o(.text) for rt_hw_interrupt_disable
    timer.o(i.rt_timer_start) refers to timer.o(i._rt_timer_remove) for _rt_timer_remove
    timer.o(i.rt_timer_start) refers to clock.o(i.rt_tick_get) for rt_tick_get
    timer.o(i.rt_timer_start) refers to timer.o(i.rt_list_insert_after) for rt_list_insert_after
    timer.o(i.rt_timer_start) refers to object.o(.data) for rt_object_take_hook
    timer.o(i.rt_timer_start) refers to timer.o(.data) for rt_timer_list
    timer.o(i.rt_timer_stop) refers to context.o(.text) for rt_hw_interrupt_disable
    timer.o(i.rt_timer_stop) refers to timer.o(i._rt_timer_remove) for _rt_timer_remove
    timer.o(i.rt_timer_stop) refers to object.o(.data) for rt_object_put_hook
    timer.o(i.rt_timer_timeout_sethook) refers to timer.o(.data) for rt_timer_timeout_hook
    timer.o(RTMSymTab) refers to timer.o(i.rt_timer_init) for rt_timer_init
    timer.o(RTMSymTab) refers to timer.o(.constdata) for __rtmsym_rt_timer_init_name
    timer.o(RTMSymTab) refers to timer.o(i.rt_timer_detach) for rt_timer_detach
    timer.o(RTMSymTab) refers to timer.o(i.rt_timer_create) for rt_timer_create
    timer.o(RTMSymTab) refers to timer.o(i.rt_timer_delete) for rt_timer_delete
    timer.o(RTMSymTab) refers to timer.o(i.rt_timer_start) for rt_timer_start
    timer.o(RTMSymTab) refers to timer.o(i.rt_timer_stop) for rt_timer_stop
    timer.o(RTMSymTab) refers to timer.o(i.rt_timer_control) for rt_timer_control
    context.o(.text) refers to interrupt.o(.data) for rt_thread_switch_interrupt_flag
    interrupt.o(i.rt_hw_interrupt_handle) refers to kservice.o(i.rt_kprintf) for rt_kprintf
    interrupt.o(i.rt_hw_interrupt_init) refers to kservice.o(i.rt_memset) for rt_memset
    interrupt.o(i.rt_hw_interrupt_init) refers to interrupt.o(.bss) for isr_table
    interrupt.o(i.rt_hw_interrupt_init) refers to interrupt.o(i.rt_hw_interrupt_handle) for rt_hw_interrupt_handle
    interrupt.o(i.rt_hw_interrupt_init) refers to irq.o(.data) for rt_interrupt_nest
    interrupt.o(i.rt_hw_interrupt_init) refers to interrupt.o(.data) for rt_interrupt_from_thread
    interrupt.o(i.rt_hw_interrupt_install) refers to kservice.o(i.rt_strncpy) for rt_strncpy
    interrupt.o(i.rt_hw_interrupt_install) refers to interrupt.o(.bss) for isr_table
    interrupt.o(i.rt_hw_interrupt_umask) refers to kservice.o(i.rt_kprintf) for rt_kprintf
    aeabi_sdiv.o(.text_udiv) refers to aeabi_sdiv.o(.text) for __arm_div2
    aeabi_sdiv_div0.o(.text_udiv) refers to aeabi_sdiv_div0.o(.text) for __arm_div2
    __main.o(!!!main) refers to __rtentry.o(.ARM.Collect$$rtentry$$00000000) for __rt_entry
    __rtentry.o(.ARM.Collect$$rtentry$$00000000) refers (Special) to __rtentry2.o(.ARM.Collect$$rtentry$$0000000A) for __rt_entry_li
    __rtentry.o(.ARM.Collect$$rtentry$$00000000) refers (Special) to __rtentry2.o(.ARM.Collect$$rtentry$$0000000D) for __rt_entry_main
    __rtentry.o(.ARM.Collect$$rtentry$$00000000) refers (Special) to __rtentry2.o(.ARM.Collect$$rtentry$$0000000C) for __rt_entry_postli_1
    __rtentry.o(.ARM.Collect$$rtentry$$00000000) refers (Special) to __rtentry2.o(.ARM.Collect$$rtentry$$00000009) for __rt_entry_postsh_1
    __rtentry.o(.ARM.Collect$$rtentry$$00000000) refers (Special) to __rtentry2.o(.ARM.Collect$$rtentry$$00000002) for __rt_entry_presh_1
    __rtentry.o(.ARM.Collect$$rtentry$$00000000) refers (Special) to __rtentry4.o(.ARM.Collect$$rtentry$$00000004) for __rt_entry_sh
    aeabi_idiv0_sigfpe.o(.text) refers to rt_div0.o(.text) for __rt_div0
    __rtentry2.o(.ARM.Collect$$rtentry$$00000008) refers to boardinit2.o(.text) for _platform_post_stackheap_init
    __rtentry2.o(.ARM.Collect$$rtentry$$0000000A) refers to libinit.o(.ARM.Collect$$libinit$$00000000) for __rt_lib_init
    __rtentry2.o(.ARM.Collect$$rtentry$$0000000B) refers to boardinit3.o(.text) for _platform_post_lib_init
    __rtentry2.o(.ARM.Collect$$rtentry$$0000000D) refers to exit.o(.text) for exit
    __rtentry2.o(.ARM.Collect$$rtentry$$0000000D) refers to main.o(i.main) for main
    __rtentry2.o(.ARM.exidx) refers to __rtentry2.o(.ARM.Collect$$rtentry$$00000001) for .ARM.Collect$$rtentry$$00000001
    __rtentry2.o(.ARM.exidx) refers to __rtentry2.o(.ARM.Collect$$rtentry$$00000008) for .ARM.Collect$$rtentry$$00000008
    __rtentry2.o(.ARM.exidx) refers to __rtentry2.o(.ARM.Collect$$rtentry$$0000000A) for .ARM.Collect$$rtentry$$0000000A
    __rtentry2.o(.ARM.exidx) refers to __rtentry2.o(.ARM.Collect$$rtentry$$0000000B) for .ARM.Collect$$rtentry$$0000000B
    __rtentry2.o(.ARM.exidx) refers to __rtentry2.o(.ARM.Collect$$rtentry$$0000000D) for .ARM.Collect$$rtentry$$0000000D
    __rtentry4.o(.ARM.Collect$$rtentry$$00000004) refers to sys_stackheap_outer.o(.text) for __user_setup_stackheap
    __rtentry4.o(.ARM.exidx) refers to __rtentry4.o(.ARM.Collect$$rtentry$$00000004) for .ARM.Collect$$rtentry$$00000004
    rt_div0.o(.text) refers to defsig_fpe_outer.o(.text) for __rt_SIGFPE
    sys_stackheap_outer.o(.text) refers to libspace.o(.text) for __user_perproc_libspace
    sys_stackheap_outer.o(.text) refers to start.o(.text) for __user_initial_stackheap
    exit.o(.text) refers to rtexit.o(.ARM.Collect$$rtexit$$00000000) for __rt_exit
    defsig_fpe_outer.o(.text) refers to defsig_fpe_inner.o(.text) for __rt_SIGFPE_inner
    defsig_fpe_outer.o(.text) refers to defsig_exit.o(.text) for __sig_exit
    defsig_fpe_formal.o(.text) refers to rt_raise.o(.text) for __rt_raise
    libinit.o(.ARM.Collect$$libinit$$00000000) refers (Special) to libinit2.o(.ARM.Collect$$libinit$$0000002E) for __rt_lib_init_alloca_1
    libinit.o(.ARM.Collect$$libinit$$00000000) refers (Special) to libinit2.o(.ARM.Collect$$libinit$$0000002C) for __rt_lib_init_argv_1
    libinit.o(.ARM.Collect$$libinit$$00000000) refers (Special) to libinit2.o(.ARM.Collect$$libinit$$0000001B) for __rt_lib_init_atexit_1
    libinit.o(.ARM.Collect$$libinit$$00000000) refers (Special) to libinit2.o(.ARM.Collect$$libinit$$00000021) for __rt_lib_init_clock_1
    libinit.o(.ARM.Collect$$libinit$$00000000) refers (Special) to libinit2.o(.ARM.Collect$$libinit$$00000032) for __rt_lib_init_cpp_1
    libinit.o(.ARM.Collect$$libinit$$00000000) refers (Special) to libinit2.o(.ARM.Collect$$libinit$$00000030) for __rt_lib_init_exceptions_1
    libinit.o(.ARM.Collect$$libinit$$00000000) refers (Special) to libinit2.o(.ARM.Collect$$libinit$$00000002) for __rt_lib_init_fp_1
    libinit.o(.ARM.Collect$$libinit$$00000000) refers (Special) to libinit2.o(.ARM.Collect$$libinit$$0000001F) for __rt_lib_init_fp_trap_1
    libinit.o(.ARM.Collect$$libinit$$00000000) refers (Special) to libinit2.o(.ARM.Collect$$libinit$$00000023) for __rt_lib_init_getenv_1
    libinit.o(.ARM.Collect$$libinit$$00000000) refers (Special) to libinit2.o(.ARM.Collect$$libinit$$0000000A) for __rt_lib_init_heap_1
    libinit.o(.ARM.Collect$$libinit$$00000000) refers (Special) to libinit2.o(.ARM.Collect$$libinit$$00000011) for __rt_lib_init_lc_collate_1
    libinit.o(.ARM.Collect$$libinit$$00000000) refers (Special) to libinit2.o(.ARM.Collect$$libinit$$00000013) for __rt_lib_init_lc_ctype_1
    libinit.o(.ARM.Collect$$libinit$$00000000) refers (Special) to libinit2.o(.ARM.Collect$$libinit$$00000015) for __rt_lib_init_lc_monetary_1
    libinit.o(.ARM.Collect$$libinit$$00000000) refers (Special) to libinit2.o(.ARM.Collect$$libinit$$00000017) for __rt_lib_init_lc_numeric_1
    libinit.o(.ARM.Collect$$libinit$$00000000) refers (Special) to libinit2.o(.ARM.Collect$$libinit$$00000019) for __rt_lib_init_lc_time_1
    libinit.o(.ARM.Collect$$libinit$$00000000) refers (Special) to libinit2.o(.ARM.Collect$$libinit$$00000004) for __rt_lib_init_preinit_1
    libinit.o(.ARM.Collect$$libinit$$00000000) refers (Special) to libinit2.o(.ARM.Collect$$libinit$$0000000E) for __rt_lib_init_rand_1
    libinit.o(.ARM.Collect$$libinit$$00000000) refers (Special) to libinit2.o(.ARM.Collect$$libinit$$00000033) for __rt_lib_init_return
    libinit.o(.ARM.Collect$$libinit$$00000000) refers (Special) to libinit2.o(.ARM.Collect$$libinit$$0000001D) for __rt_lib_init_signal_1
    libinit.o(.ARM.Collect$$libinit$$00000000) refers (Special) to libinit2.o(.ARM.Collect$$libinit$$00000025) for __rt_lib_init_stdio_1
    libinit.o(.ARM.Collect$$libinit$$00000000) refers (Special) to libinit2.o(.ARM.Collect$$libinit$$0000000C) for __rt_lib_init_user_alloc_1
    libspace.o(.text) refers to libspace.o(.bss) for __libspace_start
    rtexit.o(.ARM.Collect$$rtexit$$00000000) refers (Special) to rtexit2.o(.ARM.Collect$$rtexit$$00000004) for __rt_exit_exit
    rtexit.o(.ARM.Collect$$rtexit$$00000000) refers (Special) to rtexit2.o(.ARM.Collect$$rtexit$$00000003) for __rt_exit_ls
    rtexit.o(.ARM.Collect$$rtexit$$00000000) refers (Special) to rtexit2.o(.ARM.Collect$$rtexit$$00000002) for __rt_exit_prels_1
    rtexit.o(.ARM.exidx) refers (Special) to rtexit2.o(.ARM.Collect$$rtexit$$00000004) for __rt_exit_exit
    rtexit.o(.ARM.exidx) refers (Special) to rtexit2.o(.ARM.Collect$$rtexit$$00000003) for __rt_exit_ls
    rtexit.o(.ARM.exidx) refers (Special) to rtexit2.o(.ARM.Collect$$rtexit$$00000002) for __rt_exit_prels_1
    rtexit.o(.ARM.exidx) refers to rtexit.o(.ARM.Collect$$rtexit$$00000000) for .ARM.Collect$$rtexit$$00000000
    rt_raise.o(.text) refers to __raise.o(.text) for __raise
    rt_raise.o(.text) refers to sys_exit.o(.text) for _sys_exit
    defsig_exit.o(.text) refers to sys_exit.o(.text) for _sys_exit
    defsig_fpe_inner.o(.text) refers to defsig_general.o(.text) for __default_signal_display
    libinit2.o(.ARM.Collect$$libinit$$00000001) refers to fpinit.o(x$fpl$fpinit) for _fp_init
    libinit2.o(.ARM.Collect$$libinit$$00000010) refers to libinit2.o(.ARM.Collect$$libinit$$0000000F) for .ARM.Collect$$libinit$$0000000F
    libinit2.o(.ARM.Collect$$libinit$$00000012) refers to libinit2.o(.ARM.Collect$$libinit$$0000000F) for .ARM.Collect$$libinit$$0000000F
    libinit2.o(.ARM.Collect$$libinit$$00000014) refers to libinit2.o(.ARM.Collect$$libinit$$0000000F) for .ARM.Collect$$libinit$$0000000F
    libinit2.o(.ARM.Collect$$libinit$$00000016) refers to libinit2.o(.ARM.Collect$$libinit$$0000000F) for .ARM.Collect$$libinit$$0000000F
    libinit2.o(.ARM.Collect$$libinit$$00000018) refers to libinit2.o(.ARM.Collect$$libinit$$0000000F) for .ARM.Collect$$libinit$$0000000F
    libinit2.o(.ARM.Collect$$libinit$$00000026) refers to argv_veneer.o(.emb_text) for __ARM_argv_veneer
    libinit2.o(.ARM.Collect$$libinit$$00000027) refers to argv_veneer.o(.emb_text) for __ARM_argv_veneer
    sys_exit.o(.text) refers (Special) to use_no_semi.o(.text) for __I$use$semihosting
    sys_exit.o(.text) refers (Special) to indicate_semi.o(.text) for __semihosting_library_function
    rtexit2.o(.ARM.Collect$$rtexit$$00000003) refers to libshutdown.o(.ARM.Collect$$libshutdown$$00000000) for __rt_lib_shutdown
    rtexit2.o(.ARM.Collect$$rtexit$$00000004) refers to sys_exit.o(.text) for _sys_exit
    rtexit2.o(.ARM.exidx) refers to rtexit2.o(.ARM.Collect$$rtexit$$00000001) for .ARM.Collect$$rtexit$$00000001
    rtexit2.o(.ARM.exidx) refers to rtexit2.o(.ARM.Collect$$rtexit$$00000003) for .ARM.Collect$$rtexit$$00000003
    rtexit2.o(.ARM.exidx) refers to rtexit2.o(.ARM.Collect$$rtexit$$00000004) for .ARM.Collect$$rtexit$$00000004
    __raise.o(.text) refers to __raise.o(i.__ARM_common_call_via_r2) for __ARM_common_call_via_r2
    __raise.o(.text) refers to defsig.o(CL$$defsig) for __default_signal_handler
    defsig_general.o(.text) refers to sys_wrch.o(.text) for _ttywrch
    argv_veneer.o(.emb_text) refers to no_argv.o(.text) for __ARM_get_argv
    sys_wrch.o(.text) refers (Special) to use_no_semi.o(.text) for __I$use$semihosting
    sys_wrch.o(.text) refers (Special) to indicate_semi.o(.text) for __semihosting_library_function
    defsig.o(CL$$defsig) refers to defsig_fpe_inner.o(.text) for __rt_SIGFPE_inner
    defsig.o(CL$$defsig) refers to defsig_rtmem_inner.o(.text) for __rt_SIGRTMEM_inner
    _get_argv_nomalloc.o(.text) refers (Special) to hrguard.o(.text) for __heap_region$guard
    _get_argv_nomalloc.o(.text) refers to defsig_rtmem_outer.o(.text) for __rt_SIGRTMEM
    _get_argv_nomalloc.o(.text) refers to sys_command.o(.text) for _sys_command_string
    libshutdown.o(.ARM.Collect$$libshutdown$$00000000) refers (Special) to libshutdown2.o(.ARM.Collect$$libshutdown$$00000006) for __rt_lib_shutdown_fp_trap_1
    libshutdown.o(.ARM.Collect$$libshutdown$$00000000) refers (Special) to libshutdown2.o(.ARM.Collect$$libshutdown$$0000000E) for __rt_lib_shutdown_heap_1
    libshutdown.o(.ARM.Collect$$libshutdown$$00000000) refers (Special) to libshutdown2.o(.ARM.Collect$$libshutdown$$0000000F) for __rt_lib_shutdown_return
    libshutdown.o(.ARM.Collect$$libshutdown$$00000000) refers (Special) to libshutdown2.o(.ARM.Collect$$libshutdown$$00000009) for __rt_lib_shutdown_signal_1
    libshutdown.o(.ARM.Collect$$libshutdown$$00000000) refers (Special) to libshutdown2.o(.ARM.Collect$$libshutdown$$00000003) for __rt_lib_shutdown_stdio_1
    libshutdown.o(.ARM.Collect$$libshutdown$$00000000) refers (Special) to libshutdown2.o(.ARM.Collect$$libshutdown$$0000000B) for __rt_lib_shutdown_user_alloc_1
    sys_command.o(.text) refers (Special) to use_no_semi.o(.text) for __I$use$semihosting
    sys_command.o(.text) refers (Special) to indicate_semi.o(.text) for __semihosting_library_function
    defsig_abrt_inner.o(.text) refers to defsig_general.o(.text) for __default_signal_display
    defsig_rtred_inner.o(.text) refers to defsig_general.o(.text) for __default_signal_display
    defsig_rtmem_inner.o(.text) refers to defsig_general.o(.text) for __default_signal_display
    defsig_rtmem_outer.o(.text) refers to defsig_rtmem_inner.o(.text) for __rt_SIGRTMEM_inner
    defsig_rtmem_outer.o(.text) refers to defsig_exit.o(.text) for __sig_exit
    defsig_rtmem_formal.o(.text) refers to rt_raise.o(.text) for __rt_raise
    defsig_stak_inner.o(.text) refers to defsig_general.o(.text) for __default_signal_display
    defsig_pvfn_inner.o(.text) refers to defsig_general.o(.text) for __default_signal_display
    defsig_cppl_inner.o(.text) refers to defsig_general.o(.text) for __default_signal_display
    defsig_segv_inner.o(.text) refers to defsig_general.o(.text) for __default_signal_display
    defsig_other.o(.text) refers to defsig_general.o(.text) for __default_signal_display


==============================================================================

Removing Unused input sections from the image.

    Removing clock.o(i.rt_system_tick_init), (4 bytes).
    Removing clock.o(i.rt_tick_from_millisecond), (40 bytes).
    Removing clock.o(i.rt_tick_get), (16 bytes).
    Removing clock.o(i.rt_tick_increase), (84 bytes).
    Removing clock.o(i.rt_tick_set), (44 bytes).
    Removing clock.o(.constdata), (37 bytes).
    Removing clock.o(.data), (4 bytes).
    Removing clock.o(RTMSymTab), (16 bytes).
    Removing device.o(i.rt_device_close), (132 bytes).
    Removing device.o(i.rt_device_control), (68 bytes).
    Removing device.o(i.rt_device_find), (136 bytes).
    Removing device.o(i.rt_device_init), (168 bytes).
    Removing device.o(i.rt_device_init_all), (8 bytes).
    Removing device.o(i.rt_device_open), (288 bytes).
    Removing device.o(i.rt_device_read), (112 bytes).
    Removing device.o(i.rt_device_register), (96 bytes).
    Removing device.o(i.rt_device_set_rx_indicate), (16 bytes).
    Removing device.o(i.rt_device_set_tx_complete), (16 bytes).
    Removing device.o(i.rt_device_unregister), (28 bytes).
    Removing device.o(i.rt_device_write), (112 bytes).
    Removing device.o(.constdata), (187 bytes).
    Removing device.o(RTMSymTab), (80 bytes).
    Removing idle.o(i._has_defunct_thread), (36 bytes).
    Removing idle.o(i.rt_thread_idle_entry), (48 bytes).
    Removing idle.o(i.rt_thread_idle_excute), (324 bytes).
    Removing idle.o(i.rt_thread_idle_init), (92 bytes).
    Removing idle.o(i.rt_thread_idle_sethook), (16 bytes).
    Removing idle.o(.bss), (444 bytes).
    Removing idle.o(.data), (4 bytes).
    Removing ipc.o(i.rt_event_control), (80 bytes).
    Removing ipc.o(i.rt_event_create), (76 bytes).
    Removing ipc.o(i.rt_event_delete), (36 bytes).
    Removing ipc.o(i.rt_event_detach), (36 bytes).
    Removing ipc.o(i.rt_event_init), (60 bytes).
    Removing ipc.o(i.rt_event_recv), (432 bytes).
    Removing ipc.o(i.rt_event_send), (336 bytes).
    Removing ipc.o(i.rt_ipc_list_resume), (36 bytes).
    Removing ipc.o(i.rt_ipc_list_resume_all), (80 bytes).
    Removing ipc.o(i.rt_ipc_list_suspend), (168 bytes).
    Removing ipc.o(i.rt_ipc_object_init), (28 bytes).
    Removing ipc.o(i.rt_list_init), (12 bytes).
    Removing ipc.o(i.rt_list_insert_before), (28 bytes).
    Removing ipc.o(i.rt_list_isempty), (32 bytes).
    Removing ipc.o(i.rt_mb_control), (96 bytes).
    Removing ipc.o(i.rt_mb_create), (144 bytes).
    Removing ipc.o(i.rt_mb_delete), (52 bytes).
    Removing ipc.o(i.rt_mb_detach), (44 bytes).
    Removing ipc.o(i.rt_mb_init), (96 bytes).
    Removing ipc.o(i.rt_mb_recv), (552 bytes).
    Removing ipc.o(i.rt_mb_send), (36 bytes).
    Removing ipc.o(i.rt_mb_send_wait), (464 bytes).
    Removing ipc.o(i.rt_mq_control), (140 bytes).
    Removing ipc.o(i.rt_mq_create), (220 bytes).
    Removing ipc.o(i.rt_mq_delete), (44 bytes).
    Removing ipc.o(i.rt_mq_detach), (36 bytes).
    Removing ipc.o(i.rt_mq_init), (176 bytes).
    Removing ipc.o(i.rt_mq_recv), (516 bytes).
    Removing ipc.o(i.rt_mq_send), (288 bytes).
    Removing ipc.o(i.rt_mq_urgent), (268 bytes).
    Removing ipc.o(i.rt_mutex_control), (12 bytes).
    Removing ipc.o(i.rt_mutex_create), (100 bytes).
    Removing ipc.o(i.rt_mutex_delete), (36 bytes).
    Removing ipc.o(i.rt_mutex_detach), (36 bytes).
    Removing ipc.o(i.rt_mutex_init), (84 bytes).
    Removing ipc.o(i.rt_mutex_release), (300 bytes).
    Removing ipc.o(i.rt_mutex_take), (392 bytes).
    Removing ipc.o(i.rt_sem_control), (84 bytes).
    Removing ipc.o(i.rt_sem_create), (76 bytes).
    Removing ipc.o(i.rt_sem_delete), (36 bytes).
    Removing ipc.o(i.rt_sem_detach), (36 bytes).
    Removing ipc.o(i.rt_sem_init), (64 bytes).
    Removing ipc.o(i.rt_sem_release), (148 bytes).
    Removing ipc.o(i.rt_sem_take), (288 bytes).
    Removing ipc.o(i.rt_sem_trytake), (28 bytes).
    Removing ipc.o(.constdata), (529 bytes).
    Removing ipc.o(RTMSymTab), (304 bytes).
    Removing irq.o(i.rt_interrupt_enter), (52 bytes).
    Removing irq.o(i.rt_interrupt_get_nest), (16 bytes).
    Removing irq.o(i.rt_interrupt_leave), (52 bytes).
    Removing irq.o(.constdata), (107 bytes).
    Removing irq.o(.data), (1 bytes).
    Removing irq.o(RTMSymTab), (40 bytes).
    Removing kservice.o(i.__rt_ffs), (136 bytes).
    Removing kservice.o(i._rt_errno), (64 bytes).
    Removing kservice.o(i.print_number), (632 bytes).
    Removing kservice.o(i.rt_console_get_device), (16 bytes).
    Removing kservice.o(i.rt_console_set_device), (100 bytes).
    Removing kservice.o(i.rt_free_align), (28 bytes).
    Removing kservice.o(i.rt_get_errno), (72 bytes).
    Removing kservice.o(i.rt_hw_console_output), (4 bytes).
    Removing kservice.o(i.rt_kprintf), (188 bytes).
    Removing kservice.o(i.rt_malloc_align), (112 bytes).
    Removing kservice.o(i.rt_memcmp), (80 bytes).
    Removing kservice.o(i.rt_memcpy), (172 bytes).
    Removing kservice.o(i.rt_memmove), (120 bytes).
    Removing kservice.o(i.rt_memset), (132 bytes).
    Removing kservice.o(i.rt_set_errno), (80 bytes).
    Removing kservice.o(i.rt_show_version), (200 bytes).
    Removing kservice.o(i.rt_snprintf), (72 bytes).
    Removing kservice.o(i.rt_sprintf), (64 bytes).
    Removing kservice.o(i.rt_strcasecmp), (92 bytes).
    Removing kservice.o(i.rt_strcmp), (60 bytes).
    Removing kservice.o(i.rt_strdup), (76 bytes).
    Removing kservice.o(i.rt_strlen), (36 bytes).
    Removing kservice.o(i.rt_strncmp), (84 bytes).
    Removing kservice.o(i.rt_strncpy), (104 bytes).
    Removing kservice.o(i.rt_strstr), (116 bytes).
    Removing kservice.o(i.rt_vsnprintf), (1524 bytes).
    Removing kservice.o(i.rt_vsprintf), (40 bytes).
    Removing kservice.o(i.skip_atoi), (64 bytes).
    Removing kservice.o(.bss), (128 bytes).
    Removing kservice.o(.constdata), (613 bytes).
    Removing kservice.o(.data), (8 bytes).
    Removing kservice.o(RTMSymTab), (200 bytes).
    Removing mem.o(i.plug_holes), (240 bytes).
    Removing mem.o(i.rt_calloc), (60 bytes).
    Removing mem.o(i.rt_free), (244 bytes).
    Removing mem.o(i.rt_free_sethook), (16 bytes).
    Removing mem.o(i.rt_malloc), (676 bytes).
    Removing mem.o(i.rt_malloc_sethook), (16 bytes).
    Removing mem.o(i.rt_memory_info), (76 bytes).
    Removing mem.o(i.rt_realloc), (440 bytes).
    Removing mem.o(i.rt_system_heap_init), (372 bytes).
    Removing mem.o(.bss), (60 bytes).
    Removing mem.o(.constdata), (39 bytes).
    Removing mem.o(.data), (32 bytes).
    Removing mem.o(RTMSymTab), (32 bytes).
    Removing mempool.o(i.rt_list_init), (12 bytes).
    Removing mempool.o(i.rt_list_isempty), (32 bytes).
    Removing mempool.o(i.rt_mp_alloc), (380 bytes).
    Removing mempool.o(i.rt_mp_alloc_sethook), (16 bytes).
    Removing mempool.o(i.rt_mp_create), (232 bytes).
    Removing mempool.o(i.rt_mp_delete), (108 bytes).
    Removing mempool.o(i.rt_mp_detach), (100 bytes).
    Removing mempool.o(i.rt_mp_free), (184 bytes).
    Removing mempool.o(i.rt_mp_free_sethook), (16 bytes).
    Removing mempool.o(i.rt_mp_init), (192 bytes).
    Removing mempool.o(.constdata), (73 bytes).
    Removing mempool.o(.data), (8 bytes).
    Removing mempool.o(RTMSymTab), (48 bytes).
    Removing module.o(i._load_relocated_object), (2156 bytes).
    Removing module.o(i._load_shared_object), (1488 bytes).
    Removing module.o(i._rt_module_split_arg), (284 bytes).
    Removing module.o(i.module_main_entry), (124 bytes).
    Removing module.o(i.rt_list_init), (12 bytes).
    Removing module.o(i.rt_module_arm_relocate), (724 bytes).
    Removing module.o(i.rt_module_destroy), (616 bytes).
    Removing module.o(i.rt_module_do_main), (532 bytes).
    Removing module.o(i.rt_module_find), (100 bytes).
    Removing module.o(i.rt_module_init_object_container), (232 bytes).
    Removing module.o(i.rt_module_load), (480 bytes).
    Removing module.o(i.rt_module_load_sethook), (16 bytes).
    Removing module.o(i.rt_module_self), (40 bytes).
    Removing module.o(i.rt_module_symbol_find), (88 bytes).
    Removing module.o(i.rt_module_unload), (184 bytes).
    Removing module.o(i.rt_module_unload_sethook), (16 bytes).
    Removing module.o(i.rt_system_module_init), (48 bytes).
    Removing module.o(.data), (20 bytes).
    Removing object.o(i.rt_list_insert_after), (28 bytes).
    Removing object.o(i.rt_list_remove), (32 bytes).
    Removing object.o(i.rt_object_allocate), (240 bytes).
    Removing object.o(i.rt_object_attach_sethook), (16 bytes).
    Removing object.o(i.rt_object_delete), (96 bytes).
    Removing object.o(i.rt_object_detach), (88 bytes).
    Removing object.o(i.rt_object_detach_sethook), (16 bytes).
    Removing object.o(i.rt_object_find), (400 bytes).
    Removing object.o(i.rt_object_get_information), (20 bytes).
    Removing object.o(i.rt_object_init), (168 bytes).
    Removing object.o(i.rt_object_is_systemobject), (36 bytes).
    Removing object.o(i.rt_object_put_sethook), (16 bytes).
    Removing object.o(i.rt_object_take_sethook), (16 bytes).
    Removing object.o(i.rt_object_trytake_sethook), (16 bytes).
    Removing object.o(i.rt_system_object_init), (4 bytes).
    Removing object.o(.constdata), (26 bytes).
    Removing object.o(.data), (180 bytes).
    Removing object.o(RTMSymTab), (8 bytes).
    Removing scheduler.o(i._rt_scheduler_stack_check), (208 bytes).
    Removing scheduler.o(i.rt_critical_level), (24 bytes).
    Removing scheduler.o(i.rt_enter_critical), (60 bytes).
    Removing scheduler.o(i.rt_exit_critical), (100 bytes).
    Removing scheduler.o(i.rt_list_init), (12 bytes).
    Removing scheduler.o(i.rt_schedule), (264 bytes).
    Removing scheduler.o(i.rt_schedule_insert_thread), (152 bytes).
    Removing scheduler.o(i.rt_schedule_remove_thread), (200 bytes).
    Removing scheduler.o(i.rt_scheduler_sethook), (16 bytes).
    Removing scheduler.o(i.rt_system_scheduler_init), (140 bytes).
    Removing scheduler.o(i.rt_system_scheduler_start), (92 bytes).
    Removing scheduler.o(.bss), (2080 bytes).
    Removing scheduler.o(.data), (28 bytes).
    Removing thread.o(i._rt_thread_init), (204 bytes).
    Removing thread.o(i.rt_list_insert_after), (28 bytes).
    Removing thread.o(i.rt_list_remove), (32 bytes).
    Removing thread.o(i.rt_thread_control), (252 bytes).
    Removing thread.o(i.rt_thread_create), (136 bytes).
    Removing thread.o(i.rt_thread_delay), (24 bytes).
    Removing thread.o(i.rt_thread_delete), (76 bytes).
    Removing thread.o(i.rt_thread_detach), (96 bytes).
    Removing thread.o(i.rt_thread_exit), (124 bytes).
    Removing thread.o(i.rt_thread_find), (136 bytes).
    Removing thread.o(i.rt_thread_init), (80 bytes).
    Removing thread.o(i.rt_thread_resume), (80 bytes).
    Removing thread.o(i.rt_thread_self), (16 bytes).
    Removing thread.o(i.rt_thread_sleep), (100 bytes).
    Removing thread.o(i.rt_thread_startup), (104 bytes).
    Removing thread.o(i.rt_thread_suspend), (80 bytes).
    Removing thread.o(i.rt_thread_timeout), (48 bytes).
    Removing thread.o(i.rt_thread_yield), (148 bytes).
    Removing thread.o(.constdata), (217 bytes).
    Removing thread.o(RTMSymTab), (104 bytes).
    Removing timer.o(i._rt_timer_init), (100 bytes).
    Removing timer.o(i._rt_timer_remove), (76 bytes).
    Removing timer.o(i.rt_list_init), (12 bytes).
    Removing timer.o(i.rt_list_insert_after), (28 bytes).
    Removing timer.o(i.rt_list_isempty), (32 bytes).
    Removing timer.o(i.rt_system_timer_init), (48 bytes).
    Removing timer.o(i.rt_system_timer_thread_init), (4 bytes).
    Removing timer.o(i.rt_timer_check), (248 bytes).
    Removing timer.o(i.rt_timer_control), (124 bytes).
    Removing timer.o(i.rt_timer_create), (92 bytes).
    Removing timer.o(i.rt_timer_delete), (52 bytes).
    Removing timer.o(i.rt_timer_detach), (52 bytes).
    Removing timer.o(i.rt_timer_init), (76 bytes).
    Removing timer.o(i.rt_timer_list_next_timeout), (52 bytes).
    Removing timer.o(i.rt_timer_next_timeout_tick), (24 bytes).
    Removing timer.o(i.rt_timer_start), (428 bytes).
    Removing timer.o(i.rt_timer_stop), (128 bytes).
    Removing timer.o(i.rt_timer_timeout_sethook), (16 bytes).
    Removing timer.o(.constdata), (108 bytes).
    Removing timer.o(.data), (16 bytes).
    Removing timer.o(RTMSymTab), (56 bytes).
    Removing context.o(.text), (156 bytes).
    Removing interrupt.o(i.rt_hw_interrupt_handle), (68 bytes).
    Removing interrupt.o(i.rt_hw_interrupt_init), (172 bytes).
    Removing interrupt.o(i.rt_hw_interrupt_install), (136 bytes).
    Removing interrupt.o(i.rt_hw_interrupt_mask), (28 bytes).
    Removing interrupt.o(i.rt_hw_interrupt_umask), (120 bytes).
    Removing interrupt.o(.bss), (1408 bytes).
    Removing interrupt.o(.data), (12 bytes).
    Removing stack.o(i.rt_hw_stack_init), (224 bytes).

239 unused section(s) (total 37333 bytes) removed from the image.

==============================================================================

Adding Veneers to the image

    Adding AT veneer (8 bytes, Inline) for call to '__rt_lib_init' from __rtentry2.o(.ARM.Collect$$rtentry$$0000000A).
    Adding AT veneer (8 bytes, Inline) for call to '__rt_lib_shutdown' from rtexit2.o(.ARM.Collect$$rtexit$$00000003).
    Adding TA veneer (4 bytes, Inline) for call to '__rt_exit' from exit.o(.text).
    Adding AT veneer (8 bytes, Inline) for call to '_sys_exit' from rtexit2.o(.ARM.Collect$$rtexit$$00000004).

4 Veneer(s) (total 28 bytes) added to the image.

==============================================================================

Image Symbol Table

    Local Symbols

    Symbol Name                              Value     Ov Type        Size  Object(Section)

    ../clib/angel/boardlib.s                 0x00000000   Number         0  boardinit1.o ABSOLUTE
    ../clib/angel/boardlib.s                 0x00000000   Number         0  boardinit2.o ABSOLUTE
    ../clib/angel/boardlib.s                 0x00000000   Number         0  boardinit3.o ABSOLUTE
    ../clib/angel/boardlib.s                 0x00000000   Number         0  boardshut.o ABSOLUTE
    ../clib/angel/handlers.s                 0x00000000   Number         0  __scatter_zi.o ABSOLUTE
    ../clib/angel/kernel.s                   0x00000000   Number         0  __rtentry4.o ABSOLUTE
    ../clib/angel/kernel.s                   0x00000000   Number         0  rtexit2.o ABSOLUTE
    ../clib/angel/kernel.s                   0x00000000   Number         0  __rtentry2.o ABSOLUTE
    ../clib/angel/kernel.s                   0x00000000   Number         0  rtexit.o ABSOLUTE
    ../clib/angel/kernel.s                   0x00000000   Number         0  __rtentry.o ABSOLUTE
    ../clib/angel/rt.s                       0x00000000   Number         0  rt_div0.o ABSOLUTE
    ../clib/angel/rt.s                       0x00000000   Number         0  aeabi_idiv0_sigfpe.o ABSOLUTE
    ../clib/angel/rt.s                       0x00000000   Number         0  rt_raise.o ABSOLUTE
    ../clib/angel/rt.s                       0x00000000   Number         0  aeabi_idiv0.o ABSOLUTE
    ../clib/angel/scatter.s                  0x00000000   Number         0  __scatter.o ABSOLUTE
    ../clib/angel/startup.s                  0x00000000   Number         0  __main.o ABSOLUTE
    ../clib/angel/sys.s                      0x00000000   Number         0  sys_stackheap_outer.o ABSOLUTE
    ../clib/angel/sys.s                      0x00000000   Number         0  libspace.o ABSOLUTE
    ../clib/angel/sys.s                      0x00000000   Number         0  use_no_semi.o ABSOLUTE
    ../clib/angel/sys.s                      0x00000000   Number         0  indicate_semi.o ABSOLUTE
    ../clib/angel/sysapp.c                   0x00000000   Number         0  sys_wrch.o ABSOLUTE
    ../clib/angel/sysapp.c                   0x00000000   Number         0  sys_exit.o ABSOLUTE
    ../clib/angel/sysapp.c                   0x00000000   Number         0  sys_command.o ABSOLUTE
    ../clib/armsys.c                         0x00000000   Number         0  argv_veneer.o ABSOLUTE
    ../clib/armsys.c                         0x00000000   Number         0  argv_veneer.o ABSOLUTE
    ../clib/armsys.c                         0x00000000   Number         0  _get_argv_nomalloc.o ABSOLUTE
    ../clib/armsys.c                         0x00000000   Number         0  no_argv.o ABSOLUTE
    ../clib/division.s                       0x00000000   Number         0  aeabi_sdiv.o ABSOLUTE
    ../clib/division.s                       0x00000000   Number         0  aeabi_sdiv_div0.o ABSOLUTE
    ../clib/divrt.s                          0x00000000   Number         0  divrt_7tdmi.o ABSOLUTE
    ../clib/divrt.s                          0x00000000   Number         0  divrt_7tdmi_div0.o ABSOLUTE
    ../clib/heapalloc.c                      0x00000000   Number         0  hrguard.o ABSOLUTE
    ../clib/libinit.s                        0x00000000   Number         0  libshutdown.o ABSOLUTE
    ../clib/libinit.s                        0x00000000   Number         0  libshutdown2.o ABSOLUTE
    ../clib/libinit.s                        0x00000000   Number         0  libinit2.o ABSOLUTE
    ../clib/libinit.s                        0x00000000   Number         0  libinit.o ABSOLUTE
    ../clib/signal.c                         0x00000000   Number         0  defsig_rtmem_inner.o ABSOLUTE
    ../clib/signal.c                         0x00000000   Number         0  defsig_rtmem_formal.o ABSOLUTE
    ../clib/signal.c                         0x00000000   Number         0  defsig_rtred_inner.o ABSOLUTE
    ../clib/signal.c                         0x00000000   Number         0  defsig_stak_inner.o ABSOLUTE
    ../clib/signal.c                         0x00000000   Number         0  defsig_abrt_inner.o ABSOLUTE
    ../clib/signal.c                         0x00000000   Number         0  defsig_pvfn_inner.o ABSOLUTE
    ../clib/signal.c                         0x00000000   Number         0  defsig_cppl_inner.o ABSOLUTE
    ../clib/signal.c                         0x00000000   Number         0  defsig_other.o ABSOLUTE
    ../clib/signal.c                         0x00000000   Number         0  defsig_exit.o ABSOLUTE
    ../clib/signal.c                         0x00000000   Number         0  defsig_fpe_inner.o ABSOLUTE
    ../clib/signal.c                         0x00000000   Number         0  defsig_segv_inner.o ABSOLUTE
    ../clib/signal.c                         0x00000000   Number         0  defsig_fpe_formal.o ABSOLUTE
    ../clib/signal.c                         0x00000000   Number         0  defsig_fpe_outer.o ABSOLUTE
    ../clib/signal.c                         0x00000000   Number         0  defsig_general.o ABSOLUTE
    ../clib/signal.c                         0x00000000   Number         0  __raise.o ABSOLUTE
    ../clib/signal.c                         0x00000000   Number         0  defsig_rtmem_outer.o ABSOLUTE
    ../clib/signal.s                         0x00000000   Number         0  defsig.o ABSOLUTE
    ../clib/stdlib.c                         0x00000000   Number         0  exit.o ABSOLUTE
    ../fplib/fpinit.s                        0x00000000   Number         0  fpinit.o ABSOLUTE
    ..\..\..\..\kernel\rt-thread\src\clock.c 0x00000000   Number         0  clock.o ABSOLUTE
    ..\..\..\..\kernel\rt-thread\src\device.c 0x00000000   Number         0  device.o ABSOLUTE
    ..\..\..\..\kernel\rt-thread\src\idle.c  0x00000000   Number         0  idle.o ABSOLUTE
    ..\..\..\..\kernel\rt-thread\src\ipc.c   0x00000000   Number         0  ipc.o ABSOLUTE
    ..\..\..\..\kernel\rt-thread\src\irq.c   0x00000000   Number         0  irq.o ABSOLUTE
    ..\..\..\..\kernel\rt-thread\src\kservice.c 0x00000000   Number         0  kservice.o ABSOLUTE
    ..\..\..\..\kernel\rt-thread\src\mem.c   0x00000000   Number         0  mem.o ABSOLUTE
    ..\..\..\..\kernel\rt-thread\src\memheap.c 0x00000000   Number         0  memheap.o ABSOLUTE
    ..\..\..\..\kernel\rt-thread\src\mempool.c 0x00000000   Number         0  mempool.o ABSOLUTE
    ..\..\..\..\kernel\rt-thread\src\module.c 0x00000000   Number         0  module.o ABSOLUTE
    ..\..\..\..\kernel\rt-thread\src\object.c 0x00000000   Number         0  object.o ABSOLUTE
    ..\..\..\..\kernel\rt-thread\src\scheduler.c 0x00000000   Number         0  scheduler.o ABSOLUTE
    ..\..\..\..\kernel\rt-thread\src\slab.c  0x00000000   Number         0  slab.o ABSOLUTE
    ..\..\..\..\kernel\rt-thread\src\thread.c 0x00000000   Number         0  thread.o ABSOLUTE
    ..\..\..\..\kernel\rt-thread\src\timer.c 0x00000000   Number         0  timer.o ABSOLUTE
    ..\..\..\..\mcu\s3c2440\start.S          0x00000000   Number         0  start.o ABSOLUTE
    ..\..\context.S                          0x00000000   Number         0  context.o ABSOLUTE
    ..\..\interrupt.c                        0x00000000   Number         0  interrupt.o ABSOLUTE
    ..\..\main.c                             0x00000000   Number         0  main.o ABSOLUTE
    ..\..\stack.c                            0x00000000   Number         0  stack.o ABSOLUTE
    dc.s                                     0x00000000   Number         0  dc.o ABSOLUTE
    RESET                                    0x30000000   Section      188  start.o(RESET)
    Undef_Handler                            0x3000003c   ARM Code       4  start.o(RESET)
    SWI_Handler                              0x30000040   ARM Code       4  start.o(RESET)
    PAbt_Handler                             0x30000044   ARM Code       4  start.o(RESET)
    DAbt_Handler                             0x30000048   ARM Code       4  start.o(RESET)
    FIQ_Handler                              0x30000050   ARM Code       4  start.o(RESET)
    !!!main                                  0x300000bc   Section        8  __main.o(!!!main)
    !!!scatter                               0x300000c4   Section       60  __scatter.o(!!!scatter)
    !!handler_zi                             0x30000100   Section       44  __scatter_zi.o(!!handler_zi)
    .ARM.Collect$$libinit$$00000000          0x30000134   Section        2  libinit.o(.ARM.Collect$$libinit$$00000000)
    .ARM.Collect$$libinit$$00000002          0x30000136   Section        0  libinit2.o(.ARM.Collect$$libinit$$00000002)
    .ARM.Collect$$libinit$$00000004          0x30000136   Section        0  libinit2.o(.ARM.Collect$$libinit$$00000004)
    .ARM.Collect$$libinit$$0000000A          0x30000136   Section        0  libinit2.o(.ARM.Collect$$libinit$$0000000A)
    .ARM.Collect$$libinit$$0000000C          0x30000136   Section        0  libinit2.o(.ARM.Collect$$libinit$$0000000C)
    .ARM.Collect$$libinit$$0000000E          0x30000136   Section        0  libinit2.o(.ARM.Collect$$libinit$$0000000E)
    .ARM.Collect$$libinit$$00000011          0x30000136   Section        0  libinit2.o(.ARM.Collect$$libinit$$00000011)
    .ARM.Collect$$libinit$$00000013          0x30000136   Section        0  libinit2.o(.ARM.Collect$$libinit$$00000013)
    .ARM.Collect$$libinit$$00000015          0x30000136   Section        0  libinit2.o(.ARM.Collect$$libinit$$00000015)
    .ARM.Collect$$libinit$$00000017          0x30000136   Section        0  libinit2.o(.ARM.Collect$$libinit$$00000017)
    .ARM.Collect$$libinit$$00000019          0x30000136   Section        0  libinit2.o(.ARM.Collect$$libinit$$00000019)
    .ARM.Collect$$libinit$$0000001B          0x30000136   Section        0  libinit2.o(.ARM.Collect$$libinit$$0000001B)
    .ARM.Collect$$libinit$$0000001D          0x30000136   Section        0  libinit2.o(.ARM.Collect$$libinit$$0000001D)
    .ARM.Collect$$libinit$$0000001F          0x30000136   Section        0  libinit2.o(.ARM.Collect$$libinit$$0000001F)
    .ARM.Collect$$libinit$$00000021          0x30000136   Section        0  libinit2.o(.ARM.Collect$$libinit$$00000021)
    .ARM.Collect$$libinit$$00000023          0x30000136   Section        0  libinit2.o(.ARM.Collect$$libinit$$00000023)
    .ARM.Collect$$libinit$$00000025          0x30000136   Section        0  libinit2.o(.ARM.Collect$$libinit$$00000025)
    .ARM.Collect$$libinit$$0000002C          0x30000136   Section        0  libinit2.o(.ARM.Collect$$libinit$$0000002C)
    .ARM.Collect$$libinit$$0000002E          0x30000136   Section        0  libinit2.o(.ARM.Collect$$libinit$$0000002E)
    .ARM.Collect$$libinit$$00000030          0x30000136   Section        0  libinit2.o(.ARM.Collect$$libinit$$00000030)
    .ARM.Collect$$libinit$$00000032          0x30000136   Section        0  libinit2.o(.ARM.Collect$$libinit$$00000032)
    .ARM.Collect$$libinit$$00000033          0x30000136   Section       12  libinit2.o(.ARM.Collect$$libinit$$00000033)
    .ARM.Collect$$libshutdown$$00000000      0x3000014c   Section        4  libshutdown.o(.ARM.Collect$$libshutdown$$00000000)
    .ARM.Collect$$libshutdown$$00000003      0x30000150   Section        0  libshutdown2.o(.ARM.Collect$$libshutdown$$00000003)
    .ARM.Collect$$libshutdown$$00000006      0x30000150   Section        0  libshutdown2.o(.ARM.Collect$$libshutdown$$00000006)
    .ARM.Collect$$libshutdown$$00000009      0x30000150   Section        0  libshutdown2.o(.ARM.Collect$$libshutdown$$00000009)
    .ARM.Collect$$libshutdown$$0000000B      0x30000150   Section        0  libshutdown2.o(.ARM.Collect$$libshutdown$$0000000B)
    .ARM.Collect$$libshutdown$$0000000E      0x30000150   Section        0  libshutdown2.o(.ARM.Collect$$libshutdown$$0000000E)
    .ARM.Collect$$libshutdown$$0000000F      0x30000150   Section        6  libshutdown2.o(.ARM.Collect$$libshutdown$$0000000F)
    .ARM.Collect$$rtentry$$00000000          0x30000158   Section        0  __rtentry.o(.ARM.Collect$$rtentry$$00000000)
    .ARM.Collect$$rtentry$$00000002          0x30000158   Section        0  __rtentry2.o(.ARM.Collect$$rtentry$$00000002)
    .ARM.Collect$$rtentry$$00000004          0x30000158   Section        8  __rtentry4.o(.ARM.Collect$$rtentry$$00000004)
    .ARM.Collect$$rtentry$$00000009          0x30000160   Section        0  __rtentry2.o(.ARM.Collect$$rtentry$$00000009)
    .ARM.Collect$$rtentry$$0000000A          0x30000160   Section        4  __rtentry2.o(.ARM.Collect$$rtentry$$0000000A)
    .ARM.Collect$$rtentry$$0000000C          0x30000164   Section        0  __rtentry2.o(.ARM.Collect$$rtentry$$0000000C)
    .ARM.Collect$$rtentry$$0000000D          0x30000164   Section       40  __rtentry2.o(.ARM.Collect$$rtentry$$0000000D)
    .ARM.Collect$$rtexit$$00000000           0x30000190   Section        4  rtexit.o(.ARM.Collect$$rtexit$$00000000)
    .ARM.Collect$$rtexit$$00000002           0x30000194   Section        0  rtexit2.o(.ARM.Collect$$rtexit$$00000002)
    .ARM.Collect$$rtexit$$00000003           0x30000194   Section        4  rtexit2.o(.ARM.Collect$$rtexit$$00000003)
    .ARM.Collect$$rtexit$$00000004           0x30000198   Section        8  rtexit2.o(.ARM.Collect$$rtexit$$00000004)
    .text                                    0x300001a0   Section       32  start.o(.text)
    .text                                    0x300001c0   Section       96  sys_stackheap_outer.o(.text)
    .text                                    0x30000220   Section        0  exit.o(.text)
    .text                                    0x3000022c   Section       12  libspace.o(.text)
    .text                                    0x30000240   Section        0  sys_exit.o(.text)
    .text                                    0x3000024c   Section        4  use_no_semi.o(.text)
    .text                                    0x30000250   Section        0  indicate_semi.o(.text)
    i.main                                   0x30000250   Section        0  main.o(i.main)
    .bss                                     0x30000268   Section       96  libspace.o(.bss)
    HEAP                                     0x300002c8   Section        0  start.o(HEAP)
    STACK                                    0x300002c8   Section     1160  start.o(STACK)
    Heap_Mem                                 0x300002c8   Data           0  start.o(HEAP)
    Stack_Mem                                0x300002c8   Data        1024  start.o(STACK)
    Stack_Top                                0x30000750   Data           0  start.o(STACK)

    Global Symbols

    Symbol Name                              Value     Ov Type        Size  Object(Section)

    BuildAttributes$$THM_ISAv1$ARM_ISAv4$S$PE$A:L22$X:L11$S22$IEEE1$IW$USESV6$~STKCKD$USESV7$~SHL$OSPACE$ROPI$EBA8$UX$STANDARDLIB$REQ8$PRES8$EABIv2 0x00000000   Number         0  anon$$obj.o ABSOLUTE
    __ARM_use_no_argv                        0x00000000   Number         0  main.o ABSOLUTE
    RTMSymTab$$Base                           - Undefined Reference
    RTMSymTab$$Limit                          - Undefined Reference
    __ARM_exceptions_init                     - Undefined Weak Reference
    __alloca_initialize                       - Undefined Weak Reference
    __arm_preinit_                            - Undefined Weak Reference
    __cpp_initialize__aeabi_                  - Undefined Weak Reference
    __cxa_finalize                            - Undefined Weak Reference
    __rt_locale                               - Undefined Weak Reference
    __sigvec_lookup                           - Undefined Weak Reference
    _atexit_init                              - Undefined Weak Reference
    _call_atexit_fns                          - Undefined Weak Reference
    _clock_init                               - Undefined Weak Reference
    _fp_trap_init                             - Undefined Weak Reference
    _fp_trap_shutdown                         - Undefined Weak Reference
    _get_lc_collate                           - Undefined Weak Reference
    _get_lc_ctype                             - Undefined Weak Reference
    _get_lc_monetary                          - Undefined Weak Reference
    _get_lc_numeric                           - Undefined Weak Reference
    _get_lc_time                              - Undefined Weak Reference
    _getenv_init                              - Undefined Weak Reference
    _handle_redirection                       - Undefined Weak Reference
    _init_alloc                               - Undefined Weak Reference
    _init_user_alloc                          - Undefined Weak Reference
    _initio                                   - Undefined Weak Reference
    _rand_init                                - Undefined Weak Reference
    _signal_finish                            - Undefined Weak Reference
    _signal_init                              - Undefined Weak Reference
    _terminate_alloc                          - Undefined Weak Reference
    _terminate_user_alloc                     - Undefined Weak Reference
    _terminateio                              - Undefined Weak Reference
    IRQ_Handler                              0x3000004c   ARM Code       4  start.o(RESET)
    Reset_Handler                            0x30000054   ARM Code       0  start.o(RESET)
    __main                                   0x300000bc   ARM Code       8  __main.o(!!!main)
    __scatterload                            0x300000c4   ARM Code       0  __scatter.o(!!!scatter)
    __scatterload_rt2                        0x300000c4   ARM Code      52  __scatter.o(!!!scatter)
    __scatterload_null                       0x300000d8   ARM Code       0  __scatter.o(!!!scatter)
    __scatterload_zeroinit                   0x30000100   ARM Code      44  __scatter_zi.o(!!handler_zi)
    Inline ARM to Thumb Veneer to __rt_lib_init 0x3000012c   ARM Code       8  libinit.o(.ARM.Collect$$libinit$$00000000)
    __rt_lib_init                            0x30000135   Thumb Code     0  libinit.o(.ARM.Collect$$libinit$$00000000)
    __rt_lib_init_alloca_1                   0x30000137   Thumb Code     0  libinit2.o(.ARM.Collect$$libinit$$0000002E)
    __rt_lib_init_argv_1                     0x30000137   Thumb Code     0  libinit2.o(.ARM.Collect$$libinit$$0000002C)
    __rt_lib_init_atexit_1                   0x30000137   Thumb Code     0  libinit2.o(.ARM.Collect$$libinit$$0000001B)
    __rt_lib_init_clock_1                    0x30000137   Thumb Code     0  libinit2.o(.ARM.Collect$$libinit$$00000021)
    __rt_lib_init_cpp_1                      0x30000137   Thumb Code     0  libinit2.o(.ARM.Collect$$libinit$$00000032)
    __rt_lib_init_exceptions_1               0x30000137   Thumb Code     0  libinit2.o(.ARM.Collect$$libinit$$00000030)
    __rt_lib_init_fp_1                       0x30000137   Thumb Code     0  libinit2.o(.ARM.Collect$$libinit$$00000002)
    __rt_lib_init_fp_trap_1                  0x30000137   Thumb Code     0  libinit2.o(.ARM.Collect$$libinit$$0000001F)
    __rt_lib_init_getenv_1                   0x30000137   Thumb Code     0  libinit2.o(.ARM.Collect$$libinit$$00000023)
    __rt_lib_init_heap_1                     0x30000137   Thumb Code     0  libinit2.o(.ARM.Collect$$libinit$$0000000A)
    __rt_lib_init_lc_collate_1               0x30000137   Thumb Code     0  libinit2.o(.ARM.Collect$$libinit$$00000011)
    __rt_lib_init_lc_ctype_1                 0x30000137   Thumb Code     0  libinit2.o(.ARM.Collect$$libinit$$00000013)
    __rt_lib_init_lc_monetary_1              0x30000137   Thumb Code     0  libinit2.o(.ARM.Collect$$libinit$$00000015)
    __rt_lib_init_lc_numeric_1               0x30000137   Thumb Code     0  libinit2.o(.ARM.Collect$$libinit$$00000017)
    __rt_lib_init_lc_time_1                  0x30000137   Thumb Code     0  libinit2.o(.ARM.Collect$$libinit$$00000019)
    __rt_lib_init_preinit_1                  0x30000137   Thumb Code     0  libinit2.o(.ARM.Collect$$libinit$$00000004)
    __rt_lib_init_rand_1                     0x30000137   Thumb Code     0  libinit2.o(.ARM.Collect$$libinit$$0000000E)
    __rt_lib_init_return                     0x30000137   Thumb Code     0  libinit2.o(.ARM.Collect$$libinit$$00000033)
    __rt_lib_init_signal_1                   0x30000137   Thumb Code     0  libinit2.o(.ARM.Collect$$libinit$$0000001D)
    __rt_lib_init_stdio_1                    0x30000137   Thumb Code     0  libinit2.o(.ARM.Collect$$libinit$$00000025)
    __rt_lib_init_user_alloc_1               0x30000137   Thumb Code     0  libinit2.o(.ARM.Collect$$libinit$$0000000C)
    Inline ARM to Thumb Veneer to __rt_lib_shutdown 0x30000144   ARM Code       8  libshutdown.o(.ARM.Collect$$libshutdown$$00000000)
    __rt_lib_shutdown                        0x3000014d   Thumb Code     0  libshutdown.o(.ARM.Collect$$libshutdown$$00000000)
    __rt_lib_shutdown_fp_trap_1              0x30000151   Thumb Code     0  libshutdown2.o(.ARM.Collect$$libshutdown$$00000006)
    __rt_lib_shutdown_heap_1                 0x30000151   Thumb Code     0  libshutdown2.o(.ARM.Collect$$libshutdown$$0000000E)
    __rt_lib_shutdown_return                 0x30000151   Thumb Code     0  libshutdown2.o(.ARM.Collect$$libshutdown$$0000000F)
    __rt_lib_shutdown_signal_1               0x30000151   Thumb Code     0  libshutdown2.o(.ARM.Collect$$libshutdown$$00000009)
    __rt_lib_shutdown_stdio_1                0x30000151   Thumb Code     0  libshutdown2.o(.ARM.Collect$$libshutdown$$00000003)
    __rt_lib_shutdown_user_alloc_1           0x30000151   Thumb Code     0  libshutdown2.o(.ARM.Collect$$libshutdown$$0000000B)
    __rt_entry                               0x30000158   ARM Code       0  __rtentry.o(.ARM.Collect$$rtentry$$00000000)
    __rt_entry_presh_1                       0x30000158   ARM Code       0  __rtentry2.o(.ARM.Collect$$rtentry$$00000002)
    __rt_entry_sh                            0x30000158   ARM Code       0  __rtentry4.o(.ARM.Collect$$rtentry$$00000004)
    __rt_entry_li                            0x30000160   ARM Code       0  __rtentry2.o(.ARM.Collect$$rtentry$$0000000A)
    __rt_entry_postsh_1                      0x30000160   ARM Code       0  __rtentry2.o(.ARM.Collect$$rtentry$$00000009)
    __rt_entry_main                          0x30000164   ARM Code       0  __rtentry2.o(.ARM.Collect$$rtentry$$0000000D)
    __rt_entry_postli_1                      0x30000164   ARM Code       0  __rtentry2.o(.ARM.Collect$$rtentry$$0000000C)
    Inline Thumb to ARM Veneer to __rt_exit  0x3000018d   Thumb Code     4  rtexit.o(.ARM.Collect$$rtexit$$00000000)
    __rt_exit                                0x30000190   ARM Code       0  rtexit.o(.ARM.Collect$$rtexit$$00000000)
    __rt_exit_ls                             0x30000194   ARM Code       0  rtexit2.o(.ARM.Collect$$rtexit$$00000003)
    __rt_exit_prels_1                        0x30000194   ARM Code       0  rtexit2.o(.ARM.Collect$$rtexit$$00000002)
    __rt_exit_exit                           0x30000198   ARM Code       0  rtexit2.o(.ARM.Collect$$rtexit$$00000004)
    __user_initial_stackheap                 0x300001a0   ARM Code       0  start.o(.text)
    __user_setup_stackheap                   0x300001c0   ARM Code      96  sys_stackheap_outer.o(.text)
    exit                                     0x30000221   Thumb Code    12  exit.o(.text)
    __user_libspace                          0x3000022c   ARM Code      12  libspace.o(.text)
    __user_perproc_libspace                  0x3000022c   ARM Code       0  libspace.o(.text)
    __user_perthread_libspace                0x3000022c   ARM Code       0  libspace.o(.text)
    Inline ARM to Thumb Veneer to _sys_exit  0x30000238   ARM Code       8  sys_exit.o(.text)
    _sys_exit                                0x30000241   Thumb Code     8  sys_exit.o(.text)
    __I$use$semihosting                      0x3000024c   ARM Code       0  use_no_semi.o(.text)
    __use_no_semihosting_swi                 0x3000024c   ARM Code       4  use_no_semi.o(.text)
    __semihosting_library_function           0x30000250   ARM Code       0  indicate_semi.o(.text)
    main                                     0x30000250   ARM Code       8  main.o(i.main)
    Region$$Table$$Base                      0x30000258   Number         0  anon$$obj.o(Region$$Table)
    Region$$Table$$Limit                     0x30000268   Number         0  anon$$obj.o(Region$$Table)
    __libspace_start                         0x30000268   Data          96  libspace.o(.bss)
    __temporary_stack_top$libspace           0x300002c8   Data           0  libspace.o(.bss)



==============================================================================

Memory Map of the image

  Image Entry point : 0x300000bc

  Load Region LR_IROM1 (Base: 0x30000000, Size: 0x00000268, Max: 0x01000000, ABSOLUTE)

    Execution Region ER_IROM1 (Base: 0x30000000, Size: 0x00000268, Max: 0x00200000, ABSOLUTE)

    Base Addr    Size         Type   Attr      Idx    E Section Name        Object

    0x30000000   0x000000bc   Code   RO            4    RESET               start.o
    0x300000bc   0x00000008   Code   RO         1447  * !!!main             c_t.l(__main.o)
    0x300000c4   0x0000003c   Code   RO         1615    !!!scatter          c_t.l(__scatter.o)
    0x30000100   0x0000002c   Code   RO         1617    !!handler_zi        c_t.l(__scatter_zi.o)
    0x3000012c   0x00000008   Ven    RO         1484    .ARM.Collect$$libinit$$00000000  c_t.l(libinit.o)
    0x30000134   0x00000002   Code   RO         1484    .ARM.Collect$$libinit$$00000000  c_t.l(libinit.o)
    0x30000136   0x00000000   Code   RO         1497    .ARM.Collect$$libinit$$00000002  c_t.l(libinit2.o)
    0x30000136   0x00000000   Code   RO         1499    .ARM.Collect$$libinit$$00000004  c_t.l(libinit2.o)
    0x30000136   0x00000000   Code   RO         1502    .ARM.Collect$$libinit$$0000000A  c_t.l(libinit2.o)
    0x30000136   0x00000000   Code   RO         1504    .ARM.Collect$$libinit$$0000000C  c_t.l(libinit2.o)
    0x30000136   0x00000000   Code   RO         1506    .ARM.Collect$$libinit$$0000000E  c_t.l(libinit2.o)
    0x30000136   0x00000000   Code   RO         1509    .ARM.Collect$$libinit$$00000011  c_t.l(libinit2.o)
    0x30000136   0x00000000   Code   RO         1511    .ARM.Collect$$libinit$$00000013  c_t.l(libinit2.o)
    0x30000136   0x00000000   Code   RO         1513    .ARM.Collect$$libinit$$00000015  c_t.l(libinit2.o)
    0x30000136   0x00000000   Code   RO         1515    .ARM.Collect$$libinit$$00000017  c_t.l(libinit2.o)
    0x30000136   0x00000000   Code   RO         1517    .ARM.Collect$$libinit$$00000019  c_t.l(libinit2.o)
    0x30000136   0x00000000   Code   RO         1519    .ARM.Collect$$libinit$$0000001B  c_t.l(libinit2.o)
    0x30000136   0x00000000   Code   RO         1521    .ARM.Collect$$libinit$$0000001D  c_t.l(libinit2.o)
    0x30000136   0x00000000   Code   RO         1523    .ARM.Collect$$libinit$$0000001F  c_t.l(libinit2.o)
    0x30000136   0x00000000   Code   RO         1525    .ARM.Collect$$libinit$$00000021  c_t.l(libinit2.o)
    0x30000136   0x00000000   Code   RO         1527    .ARM.Collect$$libinit$$00000023  c_t.l(libinit2.o)
    0x30000136   0x00000000   Code   RO         1529    .ARM.Collect$$libinit$$00000025  c_t.l(libinit2.o)
    0x30000136   0x00000000   Code   RO         1533    .ARM.Collect$$libinit$$0000002C  c_t.l(libinit2.o)
    0x30000136   0x00000000   Code   RO         1535    .ARM.Collect$$libinit$$0000002E  c_t.l(libinit2.o)
    0x30000136   0x00000000   Code   RO         1537    .ARM.Collect$$libinit$$00000030  c_t.l(libinit2.o)
    0x30000136   0x00000000   Code   RO         1539    .ARM.Collect$$libinit$$00000032  c_t.l(libinit2.o)
    0x30000136   0x0000000c   Code   RO         1540    .ARM.Collect$$libinit$$00000033  c_t.l(libinit2.o)
    0x30000142   0x00000002   PAD
    0x30000144   0x00000008   Ven    RO         1573    .ARM.Collect$$libshutdown$$00000000  c_t.l(libshutdown.o)
    0x3000014c   0x00000004   Code   RO         1573    .ARM.Collect$$libshutdown$$00000000  c_t.l(libshutdown.o)
    0x30000150   0x00000000   Code   RO         1600    .ARM.Collect$$libshutdown$$00000003  c_t.l(libshutdown2.o)
    0x30000150   0x00000000   Code   RO         1603    .ARM.Collect$$libshutdown$$00000006  c_t.l(libshutdown2.o)
    0x30000150   0x00000000   Code   RO         1606    .ARM.Collect$$libshutdown$$00000009  c_t.l(libshutdown2.o)
    0x30000150   0x00000000   Code   RO         1608    .ARM.Collect$$libshutdown$$0000000B  c_t.l(libshutdown2.o)
    0x30000150   0x00000000   Code   RO         1611    .ARM.Collect$$libshutdown$$0000000E  c_t.l(libshutdown2.o)
    0x30000150   0x00000006   Code   RO         1612    .ARM.Collect$$libshutdown$$0000000F  c_t.l(libshutdown2.o)
    0x30000156   0x00000002   PAD
    0x30000158   0x00000000   Code   RO         1449    .ARM.Collect$$rtentry$$00000000  c_t.l(__rtentry.o)
    0x30000158   0x00000000   Code   RO         1455    .ARM.Collect$$rtentry$$00000002  c_t.l(__rtentry2.o)
    0x30000158   0x00000008   Code   RO         1467    .ARM.Collect$$rtentry$$00000004  c_t.l(__rtentry4.o)
    0x30000160   0x00000000   Code   RO         1457    .ARM.Collect$$rtentry$$00000009  c_t.l(__rtentry2.o)
    0x30000160   0x00000004   Code   RO         1458    .ARM.Collect$$rtentry$$0000000A  c_t.l(__rtentry2.o)
    0x30000164   0x00000000   Code   RO         1460    .ARM.Collect$$rtentry$$0000000C  c_t.l(__rtentry2.o)
    0x30000164   0x00000028   Code   RO         1461    .ARM.Collect$$rtentry$$0000000D  c_t.l(__rtentry2.o)
    0x3000018c   0x00000004   Ven    RO         1488    .ARM.Collect$$rtexit$$00000000  c_t.l(rtexit.o)
    0x30000190   0x00000004   Code   RO         1488    .ARM.Collect$$rtexit$$00000000  c_t.l(rtexit.o)
    0x30000194   0x00000000   Code   RO         1544    .ARM.Collect$$rtexit$$00000002  c_t.l(rtexit2.o)
    0x30000194   0x00000004   Code   RO         1545    .ARM.Collect$$rtexit$$00000003  c_t.l(rtexit2.o)
    0x30000198   0x00000008   Code   RO         1546    .ARM.Collect$$rtexit$$00000004  c_t.l(rtexit2.o)
    0x300001a0   0x00000020   Code   RO            5    .text               start.o
    0x300001c0   0x00000060   Code   RO         1471    .text               c_t.l(sys_stackheap_outer.o)
    0x30000220   0x0000000c   Code   RO         1473    .text               c_t.l(exit.o)
    0x3000022c   0x0000000c   Code   RO         1485    .text               c_t.l(libspace.o)
    0x30000238   0x00000008   Ven    RO         1541    .text               c_t.l(sys_exit.o)
    0x30000240   0x0000000c   Code   RO         1541    .text               c_t.l(sys_exit.o)
    0x3000024c   0x00000004   Code   RO         1562    .text               c_t.l(use_no_semi.o)
    0x30000250   0x00000000   Code   RO         1564    .text               c_t.l(indicate_semi.o)
    0x30000250   0x00000008   Code   RO         1361    i.main              main.o
    0x30000258   0x00000010   Data   RO         1613    Region$$Table       anon$$obj.o


    Execution Region RW_IRAM1 (Base: 0x30000268, Size: 0x00000000, Max: 0xffffffff, ABSOLUTE)

    **** No section assigned to this execution region ****


    Execution Region ER_ZI (Base: 0x30000268, Size: 0x000004e8, Max: 0xffffffff, ABSOLUTE)

    Base Addr    Size         Type   Attr      Idx    E Section Name        Object

    0x30000268   0x00000060   Zero   RW         1486    .bss                c_t.l(libspace.o)
    0x300002c8   0x00000000   Zero   RW            3    HEAP                start.o
    0x300002c8   0x00000488   Zero   RW            2    STACK               start.o


    Execution Region ER_MMU (Base: 0x33ff0000, Size: 0x00100000, Max: 0x00100000, ABSOLUTE)

    Base Addr    Size         Type   Attr      Idx    E Section Name        Object

    0x33ff0000   0x00100000   Zero   RW            1    ER_MMU.bss          anon$$obj.o


==============================================================================

Image component sizes


      Code (inc. data)   RO Data    RW Data    ZI Data      Debug   Object Name

         0          0          0          0          0       1444   clock.o
         8          0          0          0          0        395   main.o
       220         52          0          0       1160        704   start.o

    ----------------------------------------------------------------------
       228         52         16          0    1049736       2543   Object Totals
         0          0         16          0    1048576          0   (incl. Generated)
         0          0          0          0          0          0   (incl. Padding)

    ----------------------------------------------------------------------

      Code (inc. data)   RO Data    RW Data    ZI Data      Debug   Library Member Name

         8          0          0          0          0         68   __main.o
         0          0          0          0          0          0   __rtentry.o
        44          4          0          0          0          0   __rtentry2.o
         8          0          0          0          0          0   __rtentry4.o
        60          8          0          0          0          0   __scatter.o
        44          0          0          0          0          0   __scatter_zi.o
        12          0          0          0          0         64   exit.o
         0          0          0          0          0          0   indicate_semi.o
        10          0          0          0          0          0   libinit.o
        12          0          0          0          0          0   libinit2.o
        12          0          0          0          0          0   libshutdown.o
         6          0          0          0          0          0   libshutdown2.o
        12          4          0          0         96         68   libspace.o
         8          0          0          0          0          0   rtexit.o
        12          0          0          0          0          0   rtexit2.o
        20          4          0          0          0         60   sys_exit.o
        96          0          0          0          0         80   sys_stackheap_outer.o
         4          0          0          0          0         68   use_no_semi.o

    ----------------------------------------------------------------------
       372         20          0          0         96        408   Library Totals
         4          0          0          0          0          0   (incl. Padding)

    ----------------------------------------------------------------------

      Code (inc. data)   RO Data    RW Data    ZI Data      Debug   Library Name

       368         20          0          0         96        408   c_t.l

    ----------------------------------------------------------------------
       372         20          0          0         96        408   Library Totals

    ----------------------------------------------------------------------

==============================================================================


      Code (inc. data)   RO Data    RW Data    ZI Data      Debug   

       600         72         16          0    1049832       2835   Grand Totals
       600         72         16          0    1049832       2835   ELF Image Totals
       600         72         16          0          0          0   ROM Totals

==============================================================================

    Total RO  Size (Code + RO Data)                  616 (   0.60kB)
    Total RW  Size (RW Data + ZI Data)           1049832 (1025.23kB)
    Total ROM Size (Code + RO Data + RW Data)        616 (   0.60kB)

==============================================================================

