<html>
<body>
<pre>
<h1>µVision Build Log</h1>
<h2>Tool Versions:</h2>
IDE-Version: ¦ÌVision V5.14.0.0
Copyright (C) 2015 ARM Ltd and ARM Germany GmbH. All rights reserved.
License Information: Huang Bo, huangbop.com, LIC=CRMII-T390H-ZCUJY-IA4J2-IKFDJ-1WB6P
 
Tool Versions:
Toolchain:       MDK-ARM Professional  Version: 5.14.0.0
Toolchain Path:  D:\Keil_v5\ARM\ARMCC\Bin
C Compiler:      Armcc.exe V5.05 update 1 (build 106)
Assembler:       Armasm.exe V5.05 update 1 (build 106)
Linker/Locator:  ArmLink.exe V5.05 update 1 (build 106)
Library Manager: ArmAr.exe V5.05 update 1 (build 106)
Hex Converter:   FromElf.exe V5.05 update 1 (build 106)
CPU DLL:         SARM.DLL V5.14.0.0
Dialog DLL:      DARMSS9.DLL V1.07
Target DLL:      UL2ARM.DLL V1.74.5.0
Dialog DLL:      TARMSS9.DLL V1.05
 
<h2>Project:</h2>
F:\hb\projects\luke\app\test_jz2440\build\MDK5\test_jz2440.uvproj
Project File Date:  04/21/2015

<h2>Output:</h2>
Rebuild target 'test_jz2440'
assembling start.S...
compiling clock.c...
compiling device.c...
compiling idle.c...
compiling ipc.c...
compiling irq.c...
compiling kservice.c...
compiling mem.c...
compiling memheap.c...
compiling mempool.c...
compiling module.c...
compiling object.c...
compiling scheduler.c...
compiling slab.c...
compiling thread.c...
compiling timer.c...
compiling main.c...
assembling context.S...
compiling interrupt.c...
compiling stack.c...
linking...
Program Size: Code=600 RO-data=16 RW-data=0 ZI-data=1049832  
".\Objects\test_jz2440.axf" - 0 Error(s), 0 Warning(s).
</pre>
</body>
</html>
