<html>
<body>
<pre>
<h1>µVision Build Log</h1>
<h2>Project:</h2>
E:\hb\projects\luke\app\jz2440_ucos\build\mdk4\jz2440_ucos.uvproj
Project File Date:  05/01/2015

<h2>Output:</h2>
Rebuild target 'jz2440_ucos'
assembling start.S...
compiling startup.c...
linking...
.\Output\jz2440_ucos.axf: Warning: L6305W: Image does not have an entry point. (Not specified or not set due to multiple choices.)
..\..\ram.sct(12): warning: L6329W: Pattern *(RW) only matches removed unused sections.
Program Size: Code=520 RO-data=16 RW-data=0 ZI-data=1376  
Finished: 0 information, 2 warning and 0 error messages.
".\Output\jz2440_ucos.axf" - 0 Error(s), 2 Warning(s).
ed for region LR_.
.\Output\jz2440_ucos.sct(5): error: L6228E: Expected '{', found ')...'.
.\Output\jz2440_ucos.sct: Error: L6372E: Image needs at least one load region.
Not enough information to list image symbols.
Not enough information to list the image map.
Finished: 2 information, 0 warning and 6 error messages.
".\Output\jz2440_ucos.axf" - 6 Error(s), 0 Warning(s).
Target not created
.
Finished: 2 information, 0 warning and 6 error messages.
".\Output\jz2440_ucos.axf" - 6 Error(s), 1 Warning(s).
Target not created
